Component: ARM Compiler 5.05 update 2 (build 169) Tool: armlink [4d0f33]

==============================================================================

Section Cross References

    main.o(i.main) refers to rt_cmsis.o(i.osKernelInitialize) for osKernelInitialize
    main.o(i.main) refers to stm32f4xx_hal.o(i.HAL_Init) for HAL_Init
    main.o(i.main) refers to interrupts.o(i.timers_init) for timers_init
    main.o(i.main) refers to acc.o(i.acc_init) for acc_init
    main.o(i.main) refers to display.o(i.display_init) for display_init
    main.o(i.main) refers to cc2500.o(i.cc2500_Init) for cc2500_Init
    main.o(i.main) refers to mouse_thread.o(i.mouse_init) for mouse_init
    main.o(i.main) refers to sysclk_config.o(i.SystemClock_Config) for SystemClock_Config
    main.o(i.main) refers to usbd_core.o(i.USBD_Initialize) for USBD_Initialize
    main.o(i.main) refers to usbd_core.o(i.USBD_Connect) for USBD_Connect
    main.o(i.main) refers to acc.o(i.start_acc_thread) for start_acc_thread
    main.o(i.main) refers to display.o(i.start_display_thread) for start_display_thread
    main.o(i.main) refers to mouse_thread.o(i.start_mouse_thread) for start_mouse_thread
    main.o(i.main) refers to rt_cmsis.o(i.osKernelStart) for osKernelStart
    supporting_functions.o(i.Error_Handler) refers to printfa.o(i.__0printf) for __2printf
    stm32f4xx_it.o(i.EXTI0_IRQHandler) refers to stm32f4xx_hal_gpio.o(i.HAL_GPIO_EXTI_IRQHandler) for HAL_GPIO_EXTI_IRQHandler
    stm32f4xx_it.o(i.EXTI1_IRQHandler) refers to stm32f4xx_hal_gpio.o(i.HAL_GPIO_EXTI_IRQHandler) for HAL_GPIO_EXTI_IRQHandler
    stm32f4xx_it.o(i.TIM2_IRQHandler) refers to stm32f4xx_hal_tim.o(i.HAL_TIM_IRQHandler) for HAL_TIM_IRQHandler
    stm32f4xx_it.o(i.TIM2_IRQHandler) refers to interrupts.o(.bss) for tim_handle_2
    stm32f4xx_it.o(i.TIM3_IRQHandler) refers to stm32f4xx_hal_tim.o(i.HAL_TIM_IRQHandler) for HAL_TIM_IRQHandler
    stm32f4xx_it.o(i.TIM3_IRQHandler) refers to interrupts.o(.bss) for tim_handle_3
    stm32f4xx_it.o(i.TIM4_IRQHandler) refers to stm32f4xx_hal_tim.o(i.HAL_TIM_IRQHandler) for HAL_TIM_IRQHandler
    stm32f4xx_it.o(i.TIM4_IRQHandler) refers to interrupts.o(.bss) for tim_handle_4
    sysclk_config.o(i.SystemClock_Config) refers to stm32f4xx_hal_rcc.o(i.HAL_RCC_OscConfig) for HAL_RCC_OscConfig
    sysclk_config.o(i.SystemClock_Config) refers to supporting_functions.o(i.Error_Handler) for Error_Handler
    sysclk_config.o(i.SystemClock_Config) refers to stm32f4xx_hal_rcc.o(i.HAL_RCC_ClockConfig) for HAL_RCC_ClockConfig
    mouse_thread.o(i.check_data) refers to mouse_thread.o(.data) for indicator
    mouse_thread.o(i.get_click) refers to stm32f4xx_hal_gpio.o(i.HAL_GPIO_ReadPin) for HAL_GPIO_ReadPin
    mouse_thread.o(i.mouse_init) refers to stm32f4xx_hal_gpio.o(i.HAL_GPIO_Init) for HAL_GPIO_Init
    mouse_thread.o(i.mouse_init) refers to mouse_thread.o(.data) for function
    mouse_thread.o(i.mouse_thread) refers to cc2500.o(i.cc2500_Read) for cc2500_Read
    mouse_thread.o(i.mouse_thread) refers to rt_cmsis.o(i.osSignalWait) for osSignalWait
    mouse_thread.o(i.mouse_thread) refers to mouse_thread.o(i.get_click) for get_click
    mouse_thread.o(i.mouse_thread) refers to mouse_thread.o(i.set_click) for set_click
    mouse_thread.o(i.mouse_thread) refers to acc.o(i.get_pitch) for get_pitch
    mouse_thread.o(i.mouse_thread) refers to mouse_thread.o(i.set_pitch) for set_pitch
    mouse_thread.o(i.mouse_thread) refers to acc.o(i.get_roll) for get_roll
    mouse_thread.o(i.mouse_thread) refers to mouse_thread.o(i.set_roll) for set_roll
    mouse_thread.o(i.mouse_thread) refers to mouse_thread.o(i.send_data) for send_data
    mouse_thread.o(i.mouse_thread) refers to mouse_thread.o(i.receive_data) for receive_data
    mouse_thread.o(i.mouse_thread) refers to display.o(i.set_display) for set_display
    mouse_thread.o(i.mouse_thread) refers to usbd_hid.o(i.USBD_HID_GetReportTrigger) for USBD_HID_GetReportTrigger
    mouse_thread.o(i.mouse_thread) refers to mouse_thread.o(.data) for mouse_in_report
    mouse_thread.o(i.receive_data) refers to cc2500.o(i.cc2500_ReadPacket) for cc2500_ReadPacket
    mouse_thread.o(i.receive_data) refers to mouse_thread.o(i.check_data) for check_data
    mouse_thread.o(i.send_click) refers to cc2500.o(i.cc2500_SendPacket) for cc2500_SendPacket
    mouse_thread.o(i.send_click) refers to rt_cmsis.o(i.osDelay) for osDelay
    mouse_thread.o(i.send_click) refers to mouse_thread.o(.data) for mouse_in_report
    mouse_thread.o(i.send_data) refers to mouse_thread.o(i.send_click) for send_click
    mouse_thread.o(i.send_pitch) refers to cc2500.o(i.cc2500_SendPacket) for cc2500_SendPacket
    mouse_thread.o(i.send_pitch) refers to rt_cmsis.o(i.osDelay) for osDelay
    mouse_thread.o(i.send_pitch) refers to mouse_thread.o(.data) for mouse_in_report
    mouse_thread.o(i.send_roll) refers to cc2500.o(i.cc2500_SendPacket) for cc2500_SendPacket
[...]
    acc_thread                               0x08006ab9   Thumb Code    68  acc.o(i.acc_thread)
    cc2500_Chipset_Init                      0x08006b0d   Thumb Code   508  cc2500.o(i.cc2500_Chipset_Init)
    cc2500_Init                              0x08006d09   Thumb Code   130  cc2500.o(i.cc2500_Init)
    cc2500_Read                              0x08006d99   Thumb Code    72  cc2500.o(i.cc2500_Read)
    cc2500_ReadPacket                        0x08006de5   Thumb Code   100  cc2500.o(i.cc2500_ReadPacket)
    cc2500_SPI_Init                          0x08006e49   Thumb Code   122  cc2500.o(i.cc2500_SPI_Init)
    cc2500_SPI_ReceiveData                   0x08006ef5   Thumb Code    10  cc2500.o(i.cc2500_SPI_ReceiveData)
    cc2500_SPI_SendData                      0x08006eff   Thumb Code     6  cc2500.o(i.cc2500_SPI_SendData)
    cc2500_SendByte                          0x08006f05   Thumb Code   104  cc2500.o(i.cc2500_SendByte)
    cc2500_SendPacket                        0x08006f75   Thumb Code   122  cc2500.o(i.cc2500_SendPacket)
    cc2500_Write                             0x08006ff1   Thumb Code    64  cc2500.o(i.cc2500_Write)
    check_data                               0x08007035   Thumb Code    82  mouse_thread.o(i.check_data)
    dbg_init                                 0x08007099   Thumb Code    34  hal_cm.o(i.dbg_init)
    dbg_task_notify                          0x080070c9   Thumb Code    32  hal_cm.o(i.dbg_task_notify)
    dbg_task_switch                          0x080070e9   Thumb Code    16  hal_cm.o(i.dbg_task_switch)
    digit_sel                                0x080070f9   Thumb Code    98  display.o(i.digit_sel)
    display_init                             0x08007161   Thumb Code    78  display.o(i.display_init)
    display_str                              0x080071b9   Thumb Code   118  display.o(i.display_str)
    display_thread                           0x08007239   Thumb Code    70  display.o(i.display_thread)
    fabs                                     0x08007291   Thumb Code    24  fabs.o(i.fabs)
    fputc                                    0x080072a9   Thumb Code    26  retarget_io.o(i.fputc)
    get_click                                0x080072c9   Thumb Code    52  mouse_thread.o(i.get_click)
    get_pitch                                0x08007301   Thumb Code    72  acc.o(i.get_pitch)
    get_roll                                 0x08007355   Thumb Code    72  acc.o(i.get_roll)
    isrMessageGet                            0x080073a9   Thumb Code    42  rt_cmsis.o(i.isrMessageGet)
    isrMessagePut                            0x080073d3   Thumb Code    44  rt_cmsis.o(i.isrMessagePut)
    isrSemaphoreRelease                      0x080073ff   Thumb Code    40  rt_cmsis.o(i.isrSemaphoreRelease)
    isrSignalSet                             0x08007427   Thumb Code    36  rt_cmsis.o(i.isrSignalSet)
    isr_evt_set                              0x0800744d   Thumb Code    34  rt_event.o(i.isr_evt_set)
    isr_mbx_receive                          0x08007475   Thumb Code    86  rt_mailbox.o(i.isr_mbx_receive)
    isr_mbx_send                             0x080074cb   Thumb Code    14  rt_mailbox.o(i.isr_mbx_send)
    isr_sem_send                             0x080074d9   Thumb Code    16  rt_semaphore.o(i.isr_sem_send)
    main                                     0x080074e9   Thumb Code    76  main.o(i.main)
    mouse_init                               0x08007535   Thumb Code    76  mouse_thread.o(i.mouse_init)
    mouse_thread                             0x0800758d   Thumb Code   158  mouse_thread.o(i.mouse_thread)
    osDelay                                  0x0800764d   Thumb Code    18  rt_cmsis.o(i.osDelay)
    osKernelInitialize                       0x08007665   Thumb Code    30  rt_cmsis.o(i.osKernelInitialize)
    osKernelStart                            0x08007689   Thumb Code    98  rt_cmsis.o(i.osKernelStart)
    osMessageGet                             0x080076f5   Thumb Code    18  rt_cmsis.o(i.osMessageGet)
    osMutexCreate                            0x0800770d   Thumb Code    38  rt_cmsis.o(i.osMutexCreate)
    osMutexRelease                           0x0800773d   Thumb Code    18  rt_cmsis.o(i.osMutexRelease)
    osMutexWait                              0x08007755   Thumb Code    18  rt_cmsis.o(i.osMutexWait)
    osSemaphoreCreate                        0x0800776d   Thumb Code    38  rt_cmsis.o(i.osSemaphoreCreate)
    osSemaphoreRelease                       0x0800779d   Thumb Code    18  rt_cmsis.o(i.osSemaphoreRelease)
    osSemaphoreWait                          0x080077b5   Thumb Code    20  rt_cmsis.o(i.osSemaphoreWait)
    osSignalSet                              0x080077cd   Thumb Code    18  rt_cmsis.o(i.osSignalSet)
    osSignalWait                             0x080077e5   Thumb Code    18  rt_cmsis.o(i.osSignalWait)
    osThreadCreate                           0x080077fd   Thumb Code    38  rt_cmsis.o(i.osThreadCreate)
    osThreadExit                             0x0800782d   Thumb Code    14  rt_cmsis.o(i.osThreadExit)
    osTimerCall                              0x08007845   Thumb Code     8  rt_cmsis.o(i.osTimerCall)
    osTimerCreate                            0x08007851   Thumb Code    44  rt_cmsis.o(i.osTimerCreate)
    osTimerStart                             0x08007885   Thumb Code    18  rt_cmsis.o(i.osTimerStart)
    osTimerStop                              0x0800789d   Thumb Code    18  rt_cmsis.o(i.osTimerStop)
    osTimerThread                            0x080078b5   Thumb Code    38  rt_cmsis.o(i.osTimerThread)
    os_error                                 0x080078e1   Thumb Code    34  rtx_conf_cm.o(i.os_error)
    os_idle_demon                            0x08007903   Thumb Code     4  rtx_conf_cm.o(i.os_idle_demon)
    os_tick_init                             0x08007909   Thumb Code    32  rt_system.o(i.os_tick_init)
    os_tick_irqack                           0x08007931   Thumb Code     2  rt_system.o(i.os_tick_irqack)
    pitch_conversion                         0x08007935   Thumb Code   164  acc.o(i.pitch_conversion)
    receive_data                             0x080079e5   Thumb Code    44  mouse_thread.o(i.receive_data)
    roll_conversion                          0x08007a11   Thumb Code   164  acc.o(i.roll_conversion)
    rt_alloc_box                             0x08007ac1   Thumb Code    26  rt_membox.o(i.rt_alloc_box)
    rt_alloc_mem                             0x08007adb   Thumb Code    62  rt_memory.o(i.rt_alloc_mem)
    rt_block                                 0x08007b19   Thumb Code    48  rt_task.o(i.rt_block)
    rt_chk_robin                             0x08007b51   Thumb Code    60  rt_robin.o(i.rt_chk_robin)
    rt_dec_dly                               0x08007b99   Thumb Code   102  rt_list.o(i.rt_dec_dly)
    rt_dispatch                              0x08007c09   Thumb Code    60  rt_task.o(i.rt_dispatch)
    rt_dly_wait                              0x08007c4d   Thumb Code     6  rt_time.o(i.rt_dly_wait)
    rt_evt_psh                               0x08007c55   Thumb Code    76  rt_event.o(i.rt_evt_psh)
    rt_evt_set                               0x08007ca5   Thumb Code    88  rt_event.o(i.rt_evt_set)
    rt_evt_wait                              0x08007d01   Thumb Code    56  rt_event.o(i.rt_evt_wait)
    rt_free_box                              0x08007d3d   Thumb Code    44  rt_membox.o(i.rt_free_box)
    rt_free_mem                              0x08007d69   Thumb Code    40  rt_memory.o(i.rt_free_mem)
    rt_get_first                             0x08007d91   Thumb Code    40  rt_list.o(i.rt_get_first)
    rt_init_mem                              0x08007e09   Thumb Code    26  rt_memory.o(i.rt_init_mem)
    rt_init_robin                            0x08007e25   Thumb Code    14  rt_robin.o(i.rt_init_robin)
    rt_init_stack                            0x08007e3d   Thumb Code   118  hal_cm.o(i.rt_init_stack)
    rt_mbx_check                             0x08007ebd   Thumb Code     8  rt_mailbox.o(i.rt_mbx_check)
    rt_mbx_init                              0x08007ec5   Thumb Code    26  rt_mailbox.o(i.rt_mbx_init)
    rt_mbx_psh                               0x08007ee1   Thumb Code   236  rt_mailbox.o(i.rt_mbx_psh)
    rt_mbx_wait                              0x08007fd1   Thumb Code   174  rt_mailbox.o(i.rt_mbx_wait)
    rt_mut_init                              0x080080c9   Thumb Code    16  rt_mutex.o(i.rt_mut_init)
    rt_mut_release                           0x080080d9   Thumb Code   208  rt_mutex.o(i.rt_mut_release)
    rt_mut_wait                              0x080081b1   Thumb Code   100  rt_mutex.o(i.rt_mut_wait)
    rt_pop_req                               0x08008219   Thumb Code   112  rt_system.o(i.rt_pop_req)
    rt_psh_req                               0x08008295   Thumb Code    22  rt_system.o(i.rt_psh_req)
    rt_psq_enq                               0x080082b5   Thumb Code    88  rt_list.o(i.rt_psq_enq)
    rt_put_dly                               0x08008311   Thumb Code    68  rt_list.o(i.rt_put_dly)
    rt_put_prio                              0x08008359   Thumb Code    54  rt_list.o(i.rt_put_prio)
    rt_put_rdy_first                         0x08008391   Thumb Code    14  rt_list.o(i.rt_put_rdy_first)
    rt_resort_prio                           0x080083a5   Thumb Code    46  rt_list.o(i.rt_resort_prio)
    rt_ret_val                               0x080083e9   Thumb Code    12  hal_cm.o(i.rt_ret_val)
    rt_ret_val2                              0x080083f5   Thumb Code    16  hal_cm.o(i.rt_ret_val2)
    rt_rmv_dly                               0x08008405   Thumb Code    40  rt_list.o(i.rt_rmv_dly)
    rt_rmv_list                              0x0800842d   Thumb Code    44  rt_list.o(i.rt_rmv_list)
    rt_sem_init                              0x0800845d   Thumb Code    12  rt_semaphore.o(i.rt_sem_init)
    rt_sem_psh                               0x08008469   Thumb Code    48  rt_semaphore.o(i.rt_sem_psh)
    rt_sem_send                              0x0800849d   Thumb Code    42  rt_semaphore.o(i.rt_sem_send)
    rt_sem_wait                              0x080084c9   Thumb Code    58  rt_semaphore.o(i.rt_sem_wait)
    rt_stk_check                             0x08008509   Thumb Code    28  rt_system.o(i.rt_stk_check)
    rt_switch_req                            0x0800852d   Thumb Code    30  rt_task.o(i.rt_switch_req)
    rt_sys_init                              0x08008555   Thumb Code   138  rt_task.o(i.rt_sys_init)
    rt_sys_start                             0x08008621   Thumb Code   110  rt_task.o(i.rt_sys_start)
    rt_systick                               0x08008699   Thumb Code    50  rt_system.o(i.rt_systick)
    rt_tsk_create                            0x0800875d   Thumb Code   118  rt_task.o(i.rt_tsk_create)
    rt_tsk_delete                            0x080087e5   Thumb Code   352  rt_task.o(i.rt_tsk_delete)
    rt_tsk_prio                              0x08008961   Thumb Code   108  rt_task.o(i.rt_tsk_prio)
    rt_tsk_self                              0x080089dd   Thumb Code    12  rt_task.o(i.rt_tsk_self)
    send_click                               0x080089ed   Thumb Code    42  mouse_thread.o(i.send_click)
    send_data                                0x08008a1d   Thumb Code     8  mouse_thread.o(i.send_data)
    set_click                                0x08008a25   Thumb Code    54  mouse_thread.o(i.set_click)
    set_dec                                  0x08008a61   Thumb Code    14  display.o(i.set_dec)
    set_display                              0x08008a75   Thumb Code    48  display.o(i.set_display)
    set_pitch                                0x08008ab1   Thumb Code   140  mouse_thread.o(i.set_pitch)
    set_roll                                 0x08008b51   Thumb Code   140  mouse_thread.o(i.set_roll)
    start_acc_thread                         0x08008bf1   Thumb Code    18  acc.o(i.start_acc_thread)
    start_display_thread                     0x08008c0d   Thumb Code    18  display.o(i.start_display_thread)
    start_mouse_thread                       0x08008c29   Thumb Code    18  mouse_thread.o(i.start_mouse_thread)
    svcDelay                                 0x08008c51   Thumb Code    18  rt_cmsis.o(i.svcDelay)
    svcKernelInitialize                      0x08008c65   Thumb Code    80  rt_cmsis.o(i.svcKernelInitialize)
    svcKernelStart                           0x08008cd5   Thumb Code    62  rt_cmsis.o(i.svcKernelStart)
    svcMessageCreate                         0x08008d1d   Thumb Code    36  rt_cmsis.o(i.svcMessageCreate)
    svcMessageGet                            0x08008d41   Thumb Code    58  rt_cmsis.o(i.svcMessageGet)
    svcMutexCreate                           0x08008d7b   Thumb Code    28  rt_cmsis.o(i.svcMutexCreate)
    svcMutexRelease                          0x08008d97   Thumb Code    34  rt_cmsis.o(i.svcMutexRelease)
    svcMutexWait                             0x08008db9   Thumb Code    54  rt_cmsis.o(i.svcMutexWait)
    svcSemaphoreCreate                       0x08008def   Thumb Code    36  rt_cmsis.o(i.svcSemaphoreCreate)
    svcSemaphoreRelease                      0x08008e13   Thumb Code    40  rt_cmsis.o(i.svcSemaphoreRelease)
    svcSemaphoreWait                         0x08008e3b   Thumb Code    50  rt_cmsis.o(i.svcSemaphoreWait)
    svcSignalSet                             0x08008e6d   Thumb Code    36  rt_cmsis.o(i.svcSignalSet)
    svcSignalWait                            0x08008e91   Thumb Code    80  rt_cmsis.o(i.svcSignalWait)
    svcThreadCreate                          0x08008ee5   Thumb Code   100  rt_cmsis.o(i.svcThreadCreate)
    svcThreadGetId                           0x08008f55   Thumb Code    22  rt_cmsis.o(i.svcThreadGetId)
    svcThreadTerminate                       0x08008f71   Thumb Code    50  rt_cmsis.o(i.svcThreadTerminate)
    svcTimerCall                             0x08008fa9   Thumb Code    24  rt_cmsis.o(i.svcTimerCall)
    svcTimerCreate                           0x08008fc1   Thumb Code    52  rt_cmsis.o(i.svcTimerCreate)
    svcTimerStart                            0x08008ff9   Thumb Code    96  rt_cmsis.o(i.svcTimerStart)
    svcTimerStop                             0x0800905d   Thumb Code    36  rt_cmsis.o(i.svcTimerStop)
    sysTimerTick                             0x08009081   Thumb Code    84  rt_cmsis.o(i.sysTimerTick)
    tim2_init                                0x080090dd   Thumb Code   110  interrupts.o(i.tim2_init)
    tim3_init                                0x08009159   Thumb Code   106  interrupts.o(i.tim3_init)
    tim4_init                                0x080091d1   Thumb Code   108  interrupts.o(i.tim4_init)
    timers_init                              0x0800924d   Thumb Code    36  interrupts.o(i.timers_init)
    write_letter                             0x08009271   Thumb Code  1078  display.o(i.write_letter)
    os_thread_def_mouse_thread               0x080096ac   Data          16  mouse_thread.o(.constdata)
    os_thread_def_acc_thread                 0x080096bc   Data          16  acc.o(.constdata)
    os_semaphore_def_acc_semphore            0x080096cc   Data           4  acc.o(.constdata)
    os_thread_def_display_thread             0x080096d0   Data          16  display.o(.constdata)
    os_semaphore_def_display_semphore        0x080096e0   Data           4  display.o(.constdata)
    usbd_hid0_report_descriptor              0x080096e4   Data          52  usbd_user_hid_mouse_0.o(.constdata)
    os_maxtaskrun                            0x08009718   Data           2  rtx_conf_cm.o(.constdata)
    os_stackinfo                             0x0800971c   Data           4  rtx_conf_cm.o(.constdata)
    os_rrobin                                0x08009720   Data           4  rtx_conf_cm.o(.constdata)
    os_tickfreq                              0x08009724   Data           4  rtx_conf_cm.o(.constdata)
    os_tickus_i                              0x08009728   Data           2  rtx_conf_cm.o(.constdata)
    os_tickus_f                              0x0800972a   Data           2  rtx_conf_cm.o(.constdata)
    os_trv                                   0x0800972c   Data           4  rtx_conf_cm.o(.constdata)
    os_flags                                 0x08009730   Data           1  rtx_conf_cm.o(.constdata)
    CMSIS_RTOS_API_Version                   0x08009734   Data           4  rtx_conf_cm.o(.constdata)
    CMSIS_RTOS_RTX_Version                   0x08009738   Data           4  rtx_conf_cm.o(.constdata)
    os_clockrate                             0x0800973c   Data           4  rtx_conf_cm.o(.constdata)
    os_timernum                              0x08009740   Data           4  rtx_conf_cm.o(.constdata)
    mp_tcb_size                              0x08009744   Data           2  rtx_conf_cm.o(.constdata)
    mp_stk_size                              0x08009748   Data           4  rtx_conf_cm.o(.constdata)
    os_stack_sz                              0x0800974c   Data           4  rtx_conf_cm.o(.constdata)
    os_fifo_size                             0x08009750   Data           1  rtx_conf_cm.o(.constdata)
    os_thread_def_osTimerThread              0x08009754   Data          16  rtx_conf_cm.o(.constdata)
    os_messageQ_def_osTimerMessageQ          0x08009764   Data           8  rtx_conf_cm.o(.constdata)
    mp_tmr_size                              0x0800976c   Data           2  rtx_conf_cm.o(.constdata)
    os_thread_def_main                       0x08009770   Data          16  rtx_conf_cm.o(.constdata)
    Driver_USBD0                             0x08009788   Data          72  usbd_fs_stm32f4xx.o(.constdata)
    APBAHBPrescTable                         0x080097d0   Data          16  stm32f4xx_hal_rcc.o(.constdata)
    os_thread_def_USBD0_Core_Thread          0x080097e0   Data          16  usbd_config_0.o(.constdata)
    usbd0_dev                                0x080097f0   Data          24  usbd_config_0.o(.constdata)
    os_semaphore_def_usbd0_driver_semaphore_def 0x08009808   Data           4  usbd_config_0.o(.constdata)
    os_semaphore_def_usbd0_driver_ep0out_semaphore_def 0x0800980c   Data           4  usbd_config_0.o(.constdata)
    os_semaphore_def_usbd0_driver_ep0in_semaphore_def 0x08009810   Data           4  usbd_config_0.o(.constdata)
    os_semaphore_def_usbd0_driver_ep1out_semaphore_def 0x08009814   Data           4  usbd_config_0.o(.constdata)
    os_semaphore_def_usbd0_driver_ep1in_semaphore_def 0x08009818   Data           4  usbd_config_0.o(.constdata)
    os_semaphore_def_usbd0_driver_ep2out_semaphore_def 0x0800981c   Data           4  usbd_config_0.o(.constdata)
    os_semaphore_def_usbd0_driver_ep2in_semaphore_def 0x08009820   Data           4  usbd_config_0.o(.constdata)
    os_semaphore_def_usbd0_driver_ep3out_semaphore_def 0x08009824   Data           4  usbd_config_0.o(.constdata)
    os_semaphore_def_usbd0_driver_ep3in_semaphore_def 0x08009828   Data           4  usbd_config_0.o(.constdata)
    os_semaphore_def_usbd0_driver_ep4out_semaphore_def 0x0800982c   Data           4  usbd_config_0.o(.constdata)
    os_semaphore_def_usbd0_driver_ep4in_semaphore_def 0x08009830   Data           4  usbd_config_0.o(.constdata)
    os_semaphore_def_usbd0_driver_ep5out_semaphore_def 0x08009834   Data           4  usbd_config_0.o(.constdata)
    os_semaphore_def_usbd0_driver_ep5in_semaphore_def 0x08009838   Data           4  usbd_config_0.o(.constdata)
    os_semaphore_def_usbd0_driver_ep6out_semaphore_def 0x0800983c   Data           4  usbd_config_0.o(.constdata)
    os_semaphore_def_usbd0_driver_ep6in_semaphore_def 0x08009840   Data           4  usbd_config_0.o(.constdata)
    os_semaphore_def_usbd0_driver_ep7out_semaphore_def 0x08009844   Data           4  usbd_config_0.o(.constdata)
    os_semaphore_def_usbd0_driver_ep7in_semaphore_def 0x08009848   Data           4  usbd_config_0.o(.constdata)
    os_semaphore_def_usbd0_driver_ep8out_semaphore_def 0x0800984c   Data           4  usbd_config_0.o(.constdata)
    os_semaphore_def_usbd0_driver_ep8in_semaphore_def 0x08009850   Data           4  usbd_config_0.o(.constdata)
    os_semaphore_def_usbd0_driver_ep9out_semaphore_def 0x08009854   Data           4  usbd_config_0.o(.constdata)
    os_semaphore_def_usbd0_driver_ep9in_semaphore_def 0x08009858   Data           4  usbd_config_0.o(.constdata)
    os_semaphore_def_usbd0_driver_ep10out_semaphore_def 0x0800985c   Data           4  usbd_config_0.o(.constdata)
    os_semaphore_def_usbd0_driver_ep10in_semaphore_def 0x08009860   Data           4  usbd_config_0.o(.constdata)
    os_semaphore_def_usbd0_driver_ep11out_semaphore_def 0x08009864   Data           4  usbd_config_0.o(.constdata)
    os_semaphore_def_usbd0_driver_ep11in_semaphore_def 0x08009868   Data           4  usbd_config_0.o(.constdata)
    os_semaphore_def_usbd0_driver_ep12out_semaphore_def 0x0800986c   Data           4  usbd_config_0.o(.constdata)
    os_semaphore_def_usbd0_driver_ep12in_semaphore_def 0x08009870   Data           4  usbd_config_0.o(.constdata)
    os_semaphore_def_usbd0_driver_ep13out_semaphore_def 0x08009874   Data           4  usbd_config_0.o(.constdata)
    os_semaphore_def_usbd0_driver_ep13in_semaphore_def 0x08009878   Data           4  usbd_config_0.o(.constdata)
    os_semaphore_def_usbd0_driver_ep14out_semaphore_def 0x0800987c   Data           4  usbd_config_0.o(.constdata)
    os_semaphore_def_usbd0_driver_ep14in_semaphore_def 0x08009880   Data           4  usbd_config_0.o(.constdata)
    os_semaphore_def_usbd0_driver_ep15out_semaphore_def 0x08009884   Data           4  usbd_config_0.o(.constdata)
    os_semaphore_def_usbd0_driver_ep15in_semaphore_def 0x08009888   Data           4  usbd_config_0.o(.constdata)
    usbd_driver_semaphore_def_ptr            0x0800988c   Data           4  usbd_config_0.o(.constdata)
    usbd_driver_ep_semaphore_def_ptr         0x08009890   Data         128  usbd_config_0.o(.constdata)
    usbd_dev_num                             0x08009910   Data           1  usbd_config_0.o(.constdata)
    usbd_dev_ptr                             0x08009914   Data           4  usbd_config_0.o(.constdata)
    os_thread_def_USBD_HID0_Thread           0x08009918   Data          16  usbd_config_0.o(.constdata)
    usbd_hid_thread_def_ptr                  0x08009928   Data           4  usbd_config_0.o(.constdata)
    os_timer_def_usbd_hid0_timer             0x0800992c   Data           8  usbd_config_0.o(.constdata)
    usbd_hid_timer_def_ptr                   0x08009934   Data           4  usbd_config_0.o(.constdata)
    os_mutex_def_usbd_hid0_mutex             0x08009938   Data           4  usbd_config_0.o(.constdata)
    usbd_hid_mutex_def_ptr                   0x0800993c   Data           4  usbd_config_0.o(.constdata)
    usbd_hid_num                             0x08009940   Data           1  usbd_config_0.o(.constdata)
    usbd_hid                                 0x08009944   Data          56  usbd_config_0.o(.constdata)
    usbd_ep_max_num                          0x0800997c   Data           1  usbd_config_0.o(.constdata)
    usbd_core_thread_def_ptr                 0x08009980   Data           4  usbd_config_0.o(.constdata)
    usbd_cb_device_event_ptr                 0x08009984   Data           4  usbd_config_0.o(.constdata)
    usbd_cb_endpoint_event_ptr               0x08009988   Data           4  usbd_config_0.o(.constdata)
    USBD_HID_Initialize                      0x0800998c   Data           4  usbd_config_0.o(.constdata)
    USBD_HID_Uninitialize                    0x08009990   Data           4  usbd_config_0.o(.constdata)
    USBD_HID_GetReport                       0x08009994   Data           4  usbd_config_0.o(.constdata)
    USBD_HID_SetReport                       0x08009998   Data           4  usbd_config_0.o(.constdata)
    USBD_HID_GetProtocol                     0x0800999c   Data           4  usbd_config_0.o(.constdata)
    USBD_HID_SetProtocol                     0x080099a0   Data           4  usbd_config_0.o(.constdata)
    USBD_Device_Initialize                   0x080099a4   Data           4  usbd_config_0.o(.constdata)
    USBD_Device_Uninitialize                 0x080099a8   Data           4  usbd_config_0.o(.constdata)
    USBD_Device_EventReset                   0x080099ac   Data           4  usbd_config_0.o(.constdata)
    USBD_Device_Endpoint0_SetupPacketReceived 0x080099b0   Data           4  usbd_config_0.o(.constdata)
    USBD_Device_Endpoint0_SetupPacketProcessed 0x080099b4   Data           4  usbd_config_0.o(.constdata)
    USBD_Device_Endpoint0_OutDataReceived    0x080099b8   Data           4  usbd_config_0.o(.constdata)
    USBD_Device_Endpoint0_InDataSent         0x080099bc   Data           4  usbd_config_0.o(.constdata)
    usbd_hid_desc_ptr                        0x080099c0   Data           4  usbd_config_0.o(.constdata)
    usbd0_ep0_descriptor                     0x080099c4   Data           7  usbd_config_0.o(.constdata)
    usbd0_device_descriptor                  0x080099cb   Data          18  usbd_config_0.o(.constdata)
    usbd0_config_descriptor_fs               0x080099dd   Data          42  usbd_config_0.o(.constdata)
    usbd0_device_qualifier_fs                0x08009a07   Data           1  usbd_config_0.o(.constdata)
    usbd0_device_qualifier_hs                0x08009a08   Data           1  usbd_config_0.o(.constdata)
    usbd0_config_descriptor_hs               0x08009a09   Data           1  usbd_config_0.o(.constdata)
    usbd0_other_speed_config_descriptor_fs   0x08009a0a   Data           1  usbd_config_0.o(.constdata)
    usbd0_other_speed_config_descriptor_hs   0x08009a0b   Data           1  usbd_config_0.o(.constdata)
    usbd0_string_descriptor                  0x08009a0c   Data          98  usbd_config_0.o(.constdata)
    INTERVAL_HS                              0x08009a6e   Data          32  usbd_hid.o(.constdata)
    Region$$Table$$Base                      0x08009b28   Number         0  anon$$obj.o(Region$$Table)
    Region$$Table$$Limit                     0x08009b48   Number         0  anon$$obj.o(Region$$Table)
    mouse_thread_ID                          0x20000000   Data           4  mouse_thread.o(.data)
    mouse_in_report                          0x20000004   Data           4  mouse_thread.o(.data)
    function                                 0x20000008   Data           4  mouse_thread.o(.data)
    buffer                                   0x2000000c   Data           1  mouse_thread.o(.data)
    data                                     0x2000000d   Data           1  mouse_thread.o(.data)
    indicator                                0x2000000e   Data           3  mouse_thread.o(.data)
    data_buffer                              0x20000011   Data           3  mouse_thread.o(.data)
    keypad_time_elapsed                      0x20000014   Data           4  interrupts.o(.data)
    display_time_elapsed                     0x20000018   Data           4  interrupts.o(.data)
    temp_time_elapsed                        0x2000001c   Data           4  interrupts.o(.data)
    control_time_elapsed                     0x20000020   Data           4  interrupts.o(.data)
    mouse_time_elapsed                       0x20000024   Data           4  interrupts.o(.data)
    acc_thread_ID                            0x20000028   Data           4  acc.o(.data)
    acc_semaphore                            0x2000002c   Data           4  acc.o(.data)
    os_semaphore_cb_acc_semphore             0x20000030   Data           8  acc.o(.data)
    acc_interrupt                            0x20000038   Data           4  acc.o(.data)
    display                                  0x2000003c   Data           4  display.o(.data)
    display_flag                             0x20000040   Data           1  display.o(.data)
    time_counter_display                     0x20000044   Data           4  display.o(.data)
    over_counter_display                     0x20000048   Data           4  display.o(.data)
    display_thread_ID                        0x2000004c   Data           4  display.o(.data)
    display_semaphore                        0x20000050   Data           4  display.o(.data)
    os_semaphore_cb_display_semphore         0x20000054   Data           8  display.o(.data)
    temp_kf                                  0x2000005c   Data           4  temperature.o(.data)
    temp_kh                                  0x20000060   Data           4  temperature.o(.data)
    temp_kq                                  0x20000064   Data           4  temperature.o(.data)
    temp_kr                                  0x20000068   Data           4  temperature.o(.data)
    temp_kx                                  0x2000006c   Data           4  temperature.o(.data)
    temp_kp                                  0x20000070   Data           4  temperature.o(.data)
    temp_kk                                  0x20000074   Data           4  temperature.o(.data)
    out                                      0x20000078   Data           4  temperature.o(.data)
    d                                        0x2000007c   Data           8  temperature.o(.data)
    temp_thread_ID                           0x20000084   Data           4  temperature.o(.data)
    temp_semaphore                           0x20000088   Data           4  temperature.o(.data)
    os_semaphore_cb_temp_semphore            0x2000008c   Data           8  temperature.o(.data)
    keypad_thread_ID                         0x20000094   Data           4  keypad.o(.data)
    key_semaphore                            0x20000098   Data           4  keypad.o(.data)
    os_semaphore_cb_key_semphore             0x2000009c   Data           8  keypad.o(.data)
    input                                    0x200000a4   Data           1  keypad.o(.data)
    reading                                  0x200000a5   Data           1  keypad.o(.data)
    prev_reading                             0x200000a6   Data           1  keypad.o(.data)
    CC2500_TIMEOUT                           0x200000a8   Data           4  cc2500.o(.data)
    LIS3DSHTimeout                           0x200000ac   Data           4  lis3dsh.o(.data)
    osThreadId_osTimerThread                 0x200000b0   Data           4  rtx_conf_cm.o(.data)
    osMessageQId_osTimerMessageQ             0x200000b4   Data           4  rtx_conf_cm.o(.data)
    os_tmr                                   0x200000b8   Data           4  rtx_conf_cm.o(.data)
    m_tmr                                    0x200000bc   Data           4  rtx_conf_cm.o(.data)
    otg_fs_role                              0x200000c0   Data           1  otg_fs_stm32f4xx.o(.data)
    uwTick                                   0x200000e4   Data           4  stm32f4xx_hal.o(.data)
    SystemCoreClock                          0x200000e8   Data           4  system_stm32f4xx.o(.data)
    usbd0_alt_setting                        0x200000ec   Data           1  usbd_config_0.o(.data)
    usbd0_ep0_buf                            0x200000f0   Data           8  usbd_config_0.o(.data)
    usbd_core_thread_id                      0x200000f8   Data           4  usbd_config_0.o(.data)
    usbd_driver_semaphore_id                 0x200000fc   Data           4  usbd_config_0.o(.data)
    os_semaphore_cb_usbd0_driver_semaphore_def 0x20000100   Data           8  usbd_config_0.o(.data)
    os_semaphore_cb_usbd0_driver_ep0out_semaphore_def 0x20000108   Data           8  usbd_config_0.o(.data)
    os_semaphore_cb_usbd0_driver_ep0in_semaphore_def 0x20000110   Data           8  usbd_config_0.o(.data)
    os_semaphore_cb_usbd0_driver_ep1out_semaphore_def 0x20000118   Data           8  usbd_config_0.o(.data)
    os_semaphore_cb_usbd0_driver_ep1in_semaphore_def 0x20000120   Data           8  usbd_config_0.o(.data)
    os_semaphore_cb_usbd0_driver_ep2out_semaphore_def 0x20000128   Data           8  usbd_config_0.o(.data)
    os_semaphore_cb_usbd0_driver_ep2in_semaphore_def 0x20000130   Data           8  usbd_config_0.o(.data)
    os_semaphore_cb_usbd0_driver_ep3out_semaphore_def 0x20000138   Data           8  usbd_config_0.o(.data)
    os_semaphore_cb_usbd0_driver_ep3in_semaphore_def 0x20000140   Data           8  usbd_config_0.o(.data)
    os_semaphore_cb_usbd0_driver_ep4out_semaphore_def 0x20000148   Data           8  usbd_config_0.o(.data)
    os_semaphore_cb_usbd0_driver_ep4in_semaphore_def 0x20000150   Data           8  usbd_config_0.o(.data)
    os_semaphore_cb_usbd0_driver_ep5out_semaphore_def 0x20000158   Data           8  usbd_config_0.o(.data)
    os_semaphore_cb_usbd0_driver_ep5in_semaphore_def 0x20000160   Data           8  usbd_config_0.o(.data)
    os_semaphore_cb_usbd0_driver_ep6out_semaphore_def 0x20000168   Data           8  usbd_config_0.o(.data)
    os_semaphore_cb_usbd0_driver_ep6in_semaphore_def 0x20000170   Data           8  usbd_config_0.o(.data)
    os_semaphore_cb_usbd0_driver_ep7out_semaphore_def 0x20000178   Data           8  usbd_config_0.o(.data)
    os_semaphore_cb_usbd0_driver_ep7in_semaphore_def 0x20000180   Data           8  usbd_config_0.o(.data)
    os_semaphore_cb_usbd0_driver_ep8out_semaphore_def 0x20000188   Data           8  usbd_config_0.o(.data)
    os_semaphore_cb_usbd0_driver_ep8in_semaphore_def 0x20000190   Data           8  usbd_config_0.o(.data)
    os_semaphore_cb_usbd0_driver_ep9out_semaphore_def 0x20000198   Data           8  usbd_config_0.o(.data)
    os_semaphore_cb_usbd0_driver_ep9in_semaphore_def 0x200001a0   Data           8  usbd_config_0.o(.data)
    os_semaphore_cb_usbd0_driver_ep10out_semaphore_def 0x200001a8   Data           8  usbd_config_0.o(.data)
    os_semaphore_cb_usbd0_driver_ep10in_semaphore_def 0x200001b0   Data           8  usbd_config_0.o(.data)
    os_semaphore_cb_usbd0_driver_ep11out_semaphore_def 0x200001b8   Data           8  usbd_config_0.o(.data)
    os_semaphore_cb_usbd0_driver_ep11in_semaphore_def 0x200001c0   Data           8  usbd_config_0.o(.data)
    os_semaphore_cb_usbd0_driver_ep12out_semaphore_def 0x200001c8   Data           8  usbd_config_0.o(.data)
    os_semaphore_cb_usbd0_driver_ep12in_semaphore_def 0x200001d0   Data           8  usbd_config_0.o(.data)
    os_semaphore_cb_usbd0_driver_ep13out_semaphore_def 0x200001d8   Data           8  usbd_config_0.o(.data)
    os_semaphore_cb_usbd0_driver_ep13in_semaphore_def 0x200001e0   Data           8  usbd_config_0.o(.data)
    os_semaphore_cb_usbd0_driver_ep14out_semaphore_def 0x200001e8   Data           8  usbd_config_0.o(.data)
    os_semaphore_cb_usbd0_driver_ep14in_semaphore_def 0x200001f0   Data           8  usbd_config_0.o(.data)
    os_semaphore_cb_usbd0_driver_ep15out_semaphore_def 0x200001f8   Data           8  usbd_config_0.o(.data)
    os_semaphore_cb_usbd0_driver_ep15in_semaphore_def 0x20000200   Data           8  usbd_config_0.o(.data)
    usbd_hid_thread_id                       0x20000208   Data           4  usbd_config_0.o(.data)
    usbd_hid_timer_id                        0x2000020c   Data           4  usbd_config_0.o(.data)
    usbd_hid_mutex_id                        0x20000210   Data           4  usbd_config_0.o(.data)
    usbd_hid0_idle_count                     0x20000214   Data           2  usbd_config_0.o(.data)
    usbd_hid0_idle_reload                    0x20000216   Data           2  usbd_config_0.o(.data)
    usbd_hid0_idle_set                       0x20000218   Data           1  usbd_config_0.o(.data)
    usbd_hid0_in_report                      0x2000021c   Data           5  usbd_config_0.o(.data)
    usbd_hid0_out_report                     0x20000224   Data           1  usbd_config_0.o(.data)
    usbd_hid0_feat_report                    0x20000228   Data           1  usbd_config_0.o(.data)
    usbd_hid_ptr                             0x2000022c   Data           4  usbd_config_0.o(.data)
    usbd_ep_thread_id_ptr                    0x20000230   Data           8  usbd_config_0.o(.data)
    usbd_drv_version                         0x20000238   Data           4  usbd_config_0.o(.data)
    usbd_capabilities                        0x2000023c   Data           4  usbd_config_0.o(.data)
    usbd_hid0_desc                           0x20000240   Data           8  usbd_config_0.o(.data)
    usbd0_desc                               0x20000248   Data          36  usbd_config_0.o(.data)
    usbd_desc_ptr                            0x2000026c   Data           4  usbd_config_0.o(.data)
    os_initialized                           0x20000270   Data           1  rt_cmsis.o(.data)
    os_running                               0x20000271   Data           1  rt_cmsis.o(.data)
    os_timer_head                            0x20000274   Data           4  rt_cmsis.o(.data)
    os_tsk                                   0x20000278   Data           8  rt_task.o(.data)
    os_tick_irqn                             0x20000284   Data           4  rt_system.o(.data)
    os_time                                  0x20000288   Data           4  rt_time.o(.data)
    dbg_msg                                  0x2000028c   Data           1  hal_cm.o(.data)
    os_robin                                 0x20000290   Data           8  rt_robin.o(.data)
    __stdout                                 0x20000298   Data           4  stdout.o(.data)
    tim_handle_2                             0x200002a0   Data          60  interrupts.o(.bss)
    tim_handle_3                             0x200002dc   Data          60  interrupts.o(.bss)
    tim_handle_4                             0x20000318   Data          60  interrupts.o(.bss)
    acc_val                                  0x20000354   Data          12  acc.o(.bss)
    acc_val_cor                              0x20000360   Data          12  acc.o(.bss)
    SpiHandlerWireless                       0x2000036c   Data          88  cc2500.o(.bss)
    GPIO_InitStructure                       0x200003c4   Data          20  cc2500.o(.bss)
    SpiHandle                                0x200003d8   Data          88  lis3dsh.o(.bss)
    mp_tcb                                   0x20000430   Data         584  rtx_conf_cm.o(.bss)
    mp_stk                                   0x20000678   Data        3088  rtx_conf_cm.o(.bss)
    os_stack_mem                             0x20001288   Data        2824  rtx_conf_cm.o(.bss)
    os_fifo                                  0x20001d90   Data         132  rtx_conf_cm.o(.bss)
    os_active_TCB                            0x20001e14   Data          44  rtx_conf_cm.o(.bss)
    os_messageQ_q_osTimerMessageQ            0x20001e40   Data          32  rtx_conf_cm.o(.bss)
    usbd0_data                               0x20001f00   Data          80  usbd_config_0.o(.bss)
    usbd_driver_ep_semaphore_id              0x20001f50   Data         128  usbd_config_0.o(.bss)
    os_timer_cb_usbd_hid0_timer              0x20001fd0   Data          24  usbd_config_0.o(.bss)
    os_mutex_cb_usbd_hid0_mutex              0x20001fe8   Data          16  usbd_config_0.o(.bss)
    usbd_hid_data                            0x20001ff8   Data          36  usbd_config_0.o(.bss)
    os_idle_TCB                              0x2000201c   Data          52  rt_task.o(.bss)
    os_rdy                                   0x20002050   Data          24  rt_list.o(.bss)
    os_dly                                   0x20002068   Data          24  rt_list.o(.bss)
    __initial_sp                             0x20002480   Data           0  startup_stm32f407xx.o(STACK)



==============================================================================

Memory Map of the image

  Image Entry point : 0x08000345

  Load Region LR_1 (Base: 0x08000000, Size: 0x00009de8, Max: 0xffffffff, ABSOLUTE, COMPRESSED[0x00009ba4])

    Execution Region ER_RO (Base: 0x08000000, Size: 0x00009b48, Max: 0xffffffff, ABSOLUTE)

    Base Addr    Size         Type   Attr      Idx    E Section Name        Object

    0x08000000   0x00000188   Data   RO         4833    RESET               startup_stm32f407xx.o
    0x08000188   0x00000000   Code   RO         6794  * .ARM.Collect$$$$00000000  mc_w.l(entry.o)
    0x08000188   0x00000004   Code   RO         7134    .ARM.Collect$$$$00000001  mc_w.l(entry2.o)
    0x0800018c   0x00000004   Code   RO         7137    .ARM.Collect$$$$00000004  mc_w.l(entry5.o)
    0x08000190   0x00000000   Code   RO         7139    .ARM.Collect$$$$00000008  mc_w.l(entry7b.o)
    0x08000190   0x00000000   Code   RO         7141    .ARM.Collect$$$$0000000A  mc_w.l(entry8b.o)
    0x08000190   0x00000000   Code   RO         7142    .ARM.Collect$$$$0000000D  mc_w.l(entry10a.o)
    0x08000190   0x00000000   Code   RO         7144    .ARM.Collect$$$$0000000F  mc_w.l(entry11a.o)
    0x08000190   0x00000018   Code   RO         1145    .ARM.Collect$$$$000000FF  rtx_conf_cm.o
    0x080001a8   0x00000004   Code   RO         7135    .ARM.Collect$$$$00002712  mc_w.l(entry2.o)
    0x080001ac   0x00000198   Code   RO         6755    .emb_text           RTX_CM4.lib(hal_cm4.o)
    0x08000344   0x00000024   Code   RO         4834  * .text               startup_stm32f407xx.o
    0x08000368   0x00000062   Code   RO         6803    .text               mc_w.l(uldiv.o)
    0x080003ca   0x00000024   Code   RO         6805    .text               mc_w.l(memcpya.o)
    0x080003ee   0x00000024   Code   RO         6807    .text               mc_w.l(memseta.o)
    0x08000412   0x0000014e   Code   RO         7100    .text               mf_w.l(dadd.o)
    0x08000560   0x000000e4   Code   RO         7102    .text               mf_w.l(dmul.o)
    0x08000644   0x000000de   Code   RO         7104    .text               mf_w.l(ddiv.o)
    0x08000722   0x00000026   Code   RO         7106    .text               mf_w.l(f2d.o)
    0x08000748   0x00000038   Code   RO         7108    .text               mf_w.l(d2f.o)
    0x08000780   0x0000002c   Code   RO         7146    .text               mc_w.l(uidiv.o)
    0x080007ac   0x0000001e   Code   RO         7148    .text               mc_w.l(llshl.o)
    0x080007ca   0x00000020   Code   RO         7150    .text               mc_w.l(llushr.o)
    0x080007ea   0x00000024   Code   RO         7152    .text               mc_w.l(llsshr.o)
    0x0800080e   0x00000000   Code   RO         7163    .text               mc_w.l(iusefp.o)
    0x0800080e   0x0000006e   Code   RO         7164    .text               mf_w.l(fepilogue.o)
    0x0800087c   0x000000ba   Code   RO         7166    .text               mf_w.l(depilogue.o)
    0x08000936   0x000000a2   Code   RO         7170    .text               mf_w.l(dsqrt.o)
    0x080009d8   0x00000030   Code   RO         7172    .text               mf_w.l(dfixul.o)
    0x08000a08   0x00000030   Code   RO         7176    .text               mf_w.l(cdrcmple.o)
    0x08000a38   0x00000024   Code   RO         7178    .text               mc_w.l(init.o)
    0x08000a5c   0x00000056   Code   RO         7187    .text               mc_w.l(__dczerorl2.o)
    0x08000ab2   0x00000002   PAD
    0x08000ab4   0x00000004   Code   RO         6765    SVC_TABLE           RTX_CM4.lib(svc_table.o)
    0x08000ab8   0x00000004   Code   RO          229    i.BusFault_Handler  stm32f4xx_it.o
    0x08000abc   0x00000002   Code   RO          230    i.DebugMon_Handler  stm32f4xx_it.o
    0x08000abe   0x0000000a   Code   RO          231    i.EXTI0_IRQHandler  stm32f4xx_it.o
    0x08000ac8   0x0000000a   Code   RO          232    i.EXTI1_IRQHandler  stm32f4xx_it.o
    0x08000ad2   0x00000002   Code   RO          233    i.EXTI2_IRQHandler  stm32f4xx_it.o
    0x08000ad4   0x00000002   Code   RO          234    i.EXTI3_IRQHandler  stm32f4xx_it.o
    0x08000ad6   0x00000002   PAD
    0x08000ad8   0x00000184   Code   RO         1183    i.Enable_GPIO_Clock  otg_fs_stm32f4xx.o
    0x08000c5c   0x00000180   Code   RO          214    i.Error_Handler     supporting_functions.o
    0x08000ddc   0x00000174   Code   RO         2179    i.HAL_GPIO_DeInit   stm32f4xx_hal_gpio.o
    0x08000f50   0x00000024   Code   RO          463    i.HAL_GPIO_EXTI_Callback  interrupts.o
    0x08000f74   0x0000001c   Code   RO         2181    i.HAL_GPIO_EXTI_IRQHandler  stm32f4xx_hal_gpio.o
    0x08000f90   0x0000020c   Code   RO         2182    i.HAL_GPIO_Init     stm32f4xx_hal_gpio.o
    0x0800119c   0x00000010   Code   RO         2184    i.HAL_GPIO_ReadPin  stm32f4xx_hal_gpio.o
    0x080011ac   0x0000000c   Code   RO         2186    i.HAL_GPIO_WritePin  stm32f4xx_hal_gpio.o
    0x080011b8   0x0000000c   Code   RO         1495    i.HAL_GetTick       stm32f4xx_hal.o
    0x080011c4   0x0000003c   Code   RO         1497    i.HAL_Init          stm32f4xx_hal.o
    0x08001200   0x00000028   Code   RO         1498    i.HAL_InitTick      stm32f4xx_hal.o
    0x08001228   0x00000002   Code   RO         1500    i.HAL_MspInit       stm32f4xx_hal.o
    0x0800122a   0x00000020   Code   RO         1907    i.HAL_NVIC_EnableIRQ  stm32f4xx_hal_cortex.o
    0x0800124a   0x0000007c   Code   RO         1913    i.HAL_NVIC_SetPriority  stm32f4xx_hal_cortex.o
    0x080012c6   0x00000002   PAD
    0x080012c8   0x00000028   Code   RO         1914    i.HAL_NVIC_SetPriorityGrouping  stm32f4xx_hal_cortex.o
    0x080012f0   0x000001d0   Code   RO         2420    i.HAL_RCC_ClockConfig  stm32f4xx_hal_rcc.o
    0x080014c0   0x000000b4   Code   RO         2429    i.HAL_RCC_GetSysClockFreq  stm32f4xx_hal_rcc.o
    0x08001574   0x0000039c   Code   RO         2432    i.HAL_RCC_OscConfig  stm32f4xx_hal_rcc.o
    0x08001910   0x00000036   Code   RO         2927    i.HAL_SPI_DeInit    stm32f4xx_hal_spi.o
    0x08001946   0x000000a0   Code   RO         2932    i.HAL_SPI_Init      stm32f4xx_hal_spi.o
    0x080019e6   0x00000002   Code   RO         2933    i.HAL_SPI_MspDeInit  stm32f4xx_hal_spi.o
    0x080019e8   0x000000ec   Code   RO         1001    i.HAL_SPI_MspInit   lis3dsh.o
    0x08001ad4   0x00000034   Code   RO         1918    i.HAL_SYSTICK_Config  stm32f4xx_hal_cortex.o
    0x08001b08   0x00000002   Code   RO         3974    i.HAL_TIMEx_BreakCallback  stm32f4xx_hal_tim_ex.o
    0x08001b0a   0x00000002   Code   RO         3975    i.HAL_TIMEx_CommutationCallback  stm32f4xx_hal_tim_ex.o
    0x08001b0c   0x00000034   Code   RO         3335    i.HAL_TIM_Base_Init  stm32f4xx_hal_tim.o
    0x08001b40   0x00000002   Code   RO         3337    i.HAL_TIM_Base_MspInit  stm32f4xx_hal_tim.o
    0x08001b42   0x0000001e   Code   RO         3340    i.HAL_TIM_Base_Start_IT  stm32f4xx_hal_tim.o
    0x08001b60   0x00000002   Code   RO         3364    i.HAL_TIM_IC_CaptureCallback  stm32f4xx_hal_tim.o
    0x08001b62   0x00000196   Code   RO         3377    i.HAL_TIM_IRQHandler  stm32f4xx_hal_tim.o
    0x08001cf8   0x00000002   Code   RO         3380    i.HAL_TIM_OC_DelayElapsedCallback  stm32f4xx_hal_tim.o
    0x08001cfa   0x00000002   Code   RO         3407    i.HAL_TIM_PWM_PulseFinishedCallback  stm32f4xx_hal_tim.o
    0x08001cfc   0x00000088   Code   RO          464    i.HAL_TIM_PeriodElapsedCallback  interrupts.o
    0x08001d84   0x00000002   Code   RO         3418    i.HAL_TIM_TriggerCallback  stm32f4xx_hal_tim.o
    0x08001d86   0x00000004   Code   RO          235    i.HardFault_Handler  stm32f4xx_it.o
    0x08001d8a   0x00000002   PAD
    0x08001d8c   0x00000030   Code   RO         1414    i.ITM_SendChar      retarget_io.o
    0x08001dbc   0x0000002a   Code   RO         1003    i.LIS3DSH_DataReadyInterruptConfig  lis3dsh.o
    0x08001de6   0x00000002   PAD
    0x08001de8   0x000000dc   Code   RO         1005    i.LIS3DSH_Init      lis3dsh.o
    0x08001ec4   0x0000004c   Code   RO         1007    i.LIS3DSH_Read      lis3dsh.o
    0x08001f10   0x000001c0   Code   RO         1008    i.LIS3DSH_ReadACC   lis3dsh.o
    0x080020d0   0x00000074   Code   RO         1009    i.LIS3DSH_SendByte  lis3dsh.o
    0x08002144   0x00000004   Code   RO         1010    i.LIS3DSH_TIMEOUT_UserCallback  lis3dsh.o
    0x08002148   0x00000044   Code   RO         1011    i.LIS3DSH_Write     lis3dsh.o
    0x0800218c   0x00000004   Code   RO          236    i.MemManage_Handler  stm32f4xx_it.o
    0x08002190   0x00000002   Code   RO          237    i.NMI_Handler       stm32f4xx_it.o
    0x08002192   0x0000001a   Code   RO         1184    i.OTG_FS_IRQHandler  otg_fs_stm32f4xx.o
    0x080021ac   0x000000b8   Code   RO         1187    i.OTG_FS_PinsConfigure  otg_fs_stm32f4xx.o
    0x08002264   0x00000054   Code   RO         1188    i.OTG_FS_PinsUnconfigure  otg_fs_stm32f4xx.o
    0x080022b8   0x0000000a   Code   RO         1012    i.SPI_ReceiveData   lis3dsh.o
    0x080022c2   0x00000006   Code   RO         1013    i.SPI_SendData      lis3dsh.o
    0x080022c8   0x000000a8   Code   RO          329    i.SystemClock_Config  sysclk_config.o
    0x08002370   0x00000064   Code   RO         4842    i.SystemInit        system_stm32f4xx.o
    0x080023d4   0x00000010   Code   RO          238    i.TIM2_IRQHandler   stm32f4xx_it.o
    0x080023e4   0x00000010   Code   RO          239    i.TIM3_IRQHandler   stm32f4xx_it.o
    0x080023f4   0x00000010   Code   RO          240    i.TIM4_IRQHandler   stm32f4xx_it.o
    0x08002404   0x000000e4   Code   RO         3419    i.TIM_Base_SetConfig  stm32f4xx_hal_tim.o
    0x080024e8   0x00000006   Code   RO         5974    i.USBD0_Core_Thread  USB_CM3_L.lib(usbd_core.o)
    0x080024ee   0x00000008   Code   RO         4875    i.USBD0_SignalDeviceEvent  usbd_config_0.o
    0x080024f6   0x0000000a   Code   RO         4876    i.USBD0_SignalEndpointEvent  usbd_config_0.o
    0x08002500   0x0000002c   Code   RO         5978    i.USBD_CheckDevice  USB_CM3_L.lib(usbd_core.o)
    0x0800252c   0x00000038   Code   RO         4877    i.USBD_ClassInitialize  usbd_config_0.o
    0x08002564   0x00000004   Code   RO         4879    i.USBD_Class_Endpoint0_InDataSent  usbd_config_0.o
    0x08002568   0x00000004   Code   RO         4880    i.USBD_Class_Endpoint0_OutDataReceived  usbd_config_0.o
    0x0800256c   0x00000002   Code   RO         4881    i.USBD_Class_Endpoint0_SetupPacketProcessed  usbd_config_0.o
    0x0800256e   0x00000004   Code   RO         4882    i.USBD_Class_Endpoint0_SetupPacketReceived  usbd_config_0.o
    0x08002572   0x00000002   PAD
    0x08002574   0x00000040   Code   RO         5979    i.USBD_ConfigureEndpoint0  USB_CM3_L.lib(usbd_core.o)
    0x080025b4   0x00000018   Code   RO         5981    i.USBD_Connect      USB_CM3_L.lib(usbd_core.o)
    0x080025cc   0x0000006e   Code   RO         5982    i.USBD_Core         USB_CM3_L.lib(usbd_core.o)
    0x0800263a   0x00000002   PAD
    0x0800263c   0x00000040   Code   RO         6720    i.USBD_Core_Endpoint0_InDataSent  USB_CM3_L.lib(usbd_core_custom_device.o)
    0x0800267c   0x00000040   Code   RO         6721    i.USBD_Core_Endpoint0_OutDataReceived  USB_CM3_L.lib(usbd_core_custom_device.o)
    0x080026bc   0x0000003c   Code   RO         6722    i.USBD_Core_Endpoint0_SetupPacketProcessed  USB_CM3_L.lib(usbd_core_custom_device.o)
    0x080026f8   0x00000048   Code   RO         6723    i.USBD_Core_Endpoint0_SetupPacketReceived  USB_CM3_L.lib(usbd_core_custom_device.o)
    0x08002740   0x0000008c   Code   RO         5983    i.USBD_Core_Thread  USB_CM3_L.lib(usbd_core.o)
    0x080027cc   0x00000050   Code   RO         5984    i.USBD_DataInStage  USB_CM3_L.lib(usbd_core.o)
    0x0800281c   0x0000002c   Code   RO         5985    i.USBD_DataOutStage  USB_CM3_L.lib(usbd_core.o)
    0x08002848   0x00000004   Code   RO         4883    i.USBD_Device0_Endpoint0_InDataSent  usbd_config_0.o
    0x0800284c   0x00000004   Code   RO         4884    i.USBD_Device0_Endpoint0_OutDataReceived  usbd_config_0.o
    0x08002850   0x00000002   Code   RO         4885    i.USBD_Device0_Endpoint0_SetupPacketProcessed  usbd_config_0.o
    0x08002852   0x00000004   Code   RO         4886    i.USBD_Device0_Endpoint0_SetupPacketReceived  usbd_config_0.o
    0x08002856   0x00000002   Code   RO         4887    i.USBD_Device0_EventReset  usbd_config_0.o
    0x08002858   0x00000002   Code   RO         4888    i.USBD_Device0_Initialize  usbd_config_0.o
    0x0800285a   0x00000002   Code   RO         4889    i.USBD_Device0_Uninitialize  usbd_config_0.o
    0x0800285c   0x00000034   Code   RO         1257    i.USBD_DeviceConnect  usbd_fs_stm32f4xx.o
    0x08002890   0x00000034   Code   RO         1258    i.USBD_DeviceDisconnect  usbd_fs_stm32f4xx.o
    0x080028c4   0x0000000c   Code   RO         1259    i.USBD_DeviceGetState  usbd_fs_stm32f4xx.o
    0x080028d0   0x00000038   Code   RO         1260    i.USBD_DeviceRemoteWakeup  usbd_fs_stm32f4xx.o
    0x08002908   0x00000028   Code   RO         1261    i.USBD_DeviceSetAddress  usbd_fs_stm32f4xx.o
    0x08002930   0x00000050   Code   RO         5987    i.USBD_DriverDeviceConnect  USB_CM3_L.lib(usbd_core.o)
    0x08002980   0x0000005c   Code   RO         5991    i.USBD_DriverDeviceSetAddress  USB_CM3_L.lib(usbd_core.o)
    0x080029dc   0x0000009c   Code   RO         5992    i.USBD_DriverEndpointConfigure  USB_CM3_L.lib(usbd_core.o)
    0x08002a78   0x00000094   Code   RO         5993    i.USBD_DriverEndpointStall  USB_CM3_L.lib(usbd_core.o)
    0x08002b0c   0x000000c8   Code   RO         5994    i.USBD_DriverEndpointTransfer  USB_CM3_L.lib(usbd_core.o)
    0x08002bd4   0x00000088   Code   RO         5995    i.USBD_DriverEndpointTransferAbort  USB_CM3_L.lib(usbd_core.o)
    0x08002c5c   0x00000064   Code   RO         5996    i.USBD_DriverEndpointTransferGetResult  USB_CM3_L.lib(usbd_core.o)
    0x08002cc0   0x00000094   Code   RO         5997    i.USBD_DriverEndpointUnconfigure  USB_CM3_L.lib(usbd_core.o)
    0x08002d54   0x00000010   Code   RO         5998    i.USBD_DriverGetCapabilities  USB_CM3_L.lib(usbd_core.o)
    0x08002d64   0x00000010   Code   RO         6000    i.USBD_DriverGetVersion  USB_CM3_L.lib(usbd_core.o)
    0x08002d74   0x00000060   Code   RO         6001    i.USBD_DriverInitialize  USB_CM3_L.lib(usbd_core.o)
    0x08002dd4   0x0000005c   Code   RO         6002    i.USBD_DriverPowerControl  USB_CM3_L.lib(usbd_core.o)
    0x08002e30   0x0000005c   Code   RO         6003    i.USBD_DriverReadSetupPacket  USB_CM3_L.lib(usbd_core.o)
    0x08002e8c   0x00000290   Code   RO         6005    i.USBD_Endpoint0    USB_CM3_L.lib(usbd_core.o)
    0x0800311c   0x00000004   Code   RO         4890    i.USBD_Endpoint0_Out_ADC_ReqToEP  usbd_config_0.o
    0x08003120   0x00000004   Code   RO         4891    i.USBD_Endpoint0_Out_ADC_ReqToIF  usbd_config_0.o
    0x08003124   0x00000004   Code   RO         4892    i.USBD_Endpoint0_Out_CDC_ReqToIF  usbd_config_0.o
    0x08003128   0x00000064   Code   RO         6708    i.USBD_Endpoint0_Out_HID_ReqToIF  USB_CM3_L.lib(usbd_core_hid.o)
    0x0800318c   0x000000f0   Code   RO         6709    i.USBD_Endpoint0_ReqGetDescriptor_HID  USB_CM3_L.lib(usbd_core_hid.o)
    0x0800327c   0x00000004   Code   RO         4893    i.USBD_Endpoint0_Setup_ADC_ReqToEP  usbd_config_0.o
    0x08003280   0x00000004   Code   RO         4894    i.USBD_Endpoint0_Setup_ADC_ReqToIF  usbd_config_0.o
    0x08003284   0x00000004   Code   RO         4895    i.USBD_Endpoint0_Setup_CDC_ReqToIF  usbd_config_0.o
    0x08003288   0x00000134   Code   RO         6710    i.USBD_Endpoint0_Setup_HID_ReqToIF  USB_CM3_L.lib(usbd_core_hid.o)
    0x080033bc   0x00000004   Code   RO         4896    i.USBD_Endpoint0_Setup_MSC_ReqToIF  usbd_config_0.o
    0x080033c0   0x0000017c   Code   RO         1262    i.USBD_EndpointConfigure  usbd_fs_stm32f4xx.o
    0x0800353c   0x000000bc   Code   RO         1263    i.USBD_EndpointReadSet  usbd_fs_stm32f4xx.o
    0x080035f8   0x000001b0   Code   RO         1264    i.USBD_EndpointStall  usbd_fs_stm32f4xx.o
    0x080037a8   0x00000058   Code   RO         6009    i.USBD_EndpointStall  USB_CM3_L.lib(usbd_core.o)
    0x08003800   0x000000d8   Code   RO         1265    i.USBD_EndpointTransfer  usbd_fs_stm32f4xx.o
    0x080038d8   0x000000d4   Code   RO         1266    i.USBD_EndpointTransferAbort  usbd_fs_stm32f4xx.o
    0x080039ac   0x00000028   Code   RO         1267    i.USBD_EndpointTransferGetResult  usbd_fs_stm32f4xx.o
    0x080039d4   0x000001f4   Code   RO         1268    i.USBD_EndpointUnconfigure  usbd_fs_stm32f4xx.o
    0x08003bc8   0x00000002   Code   RO         4897    i.USBD_EventDisableRemoteWakeup  usbd_config_0.o
    0x08003bca   0x00000002   Code   RO         4898    i.USBD_EventEnableRemoteWakeup  usbd_config_0.o
    0x08003bcc   0x00000002   Code   RO         4899    i.USBD_EventEndpointClearFeatureStall  usbd_config_0.o
    0x08003bce   0x00000002   Code   RO         4900    i.USBD_EventEndpointSetFeatureStall  usbd_config_0.o
    0x08003bd0   0x00000044   Code   RO         4901    i.USBD_EventEndpointStart  usbd_config_0.o
    0x08003c14   0x00000002   Code   RO         4902    i.USBD_EventEndpointStop  usbd_config_0.o
    0x08003c16   0x00000002   Code   RO         4903    i.USBD_EventHighSpeed  usbd_config_0.o
    0x08003c18   0x00000002   Code   RO         4904    i.USBD_EventPowerOff  usbd_config_0.o
    0x08003c1a   0x00000002   Code   RO         4905    i.USBD_EventPowerOn  usbd_config_0.o
    0x08003c1c   0x00000038   Code   RO         4906    i.USBD_EventReset   usbd_config_0.o
    0x08003c54   0x00000002   Code   RO         4907    i.USBD_EventResume  usbd_config_0.o
    0x08003c56   0x00000002   PAD
    0x08003c58   0x0000002c   Code   RO         4908    i.USBD_EventSetConfiguration  usbd_config_0.o
    0x08003c84   0x00000002   Code   RO         4909    i.USBD_EventSetInterface  usbd_config_0.o
    0x08003c86   0x00000002   Code   RO         4910    i.USBD_EventSuspend  usbd_config_0.o
    0x08003c88   0x00000624   Code   RO         1269    i.USBD_FS_IRQ       usbd_fs_stm32f4xx.o
    0x080042ac   0x0000003c   Code   RO         1270    i.USBD_FlushInEpFifo  usbd_fs_stm32f4xx.o
    0x080042e8   0x0000000c   Code   RO         1271    i.USBD_GetCapabilities  usbd_fs_stm32f4xx.o
    0x080042f4   0x0000001c   Code   RO         1272    i.USBD_GetFrameNumber  usbd_fs_stm32f4xx.o
    0x08004310   0x00000010   Code   RO         1273    i.USBD_GetVersion   usbd_fs_stm32f4xx.o
    0x08004320   0x00000006   Code   RO         4911    i.USBD_HID0_GetProtocol  usbd_config_0.o
    0x08004326   0x00000032   Code   RO         1103    i.USBD_HID0_GetReport  usbd_user_hid_mouse_0.o
    0x08004358   0x00000002   Code   RO         1104    i.USBD_HID0_Initialize  usbd_user_hid_mouse_0.o
    0x0800435a   0x00000004   Code   RO         4914    i.USBD_HID0_SetProtocol  usbd_config_0.o
    0x0800435e   0x0000001a   Code   RO         1105    i.USBD_HID0_SetReport  usbd_user_hid_mouse_0.o
    0x08004378   0x00000006   Code   RO         6094    i.USBD_HID0_Thread  USB_CM3_L.lib(usbd_hid.o)
    0x0800437e   0x00000002   Code   RO         1106    i.USBD_HID0_Uninitialize  usbd_user_hid_mouse_0.o
    0x08004380   0x0000003c   Code   RO         6098    i.USBD_HID_CheckInstance  USB_CM3_L.lib(usbd_hid.o)
    0x080043bc   0x00000094   Code   RO         6099    i.USBD_HID_ClassInitialize  USB_CM3_L.lib(usbd_hid.o)
    0x08004450   0x00000038   Code   RO         6101    i.USBD_HID_CoreGetIdle  USB_CM3_L.lib(usbd_hid.o)
    0x08004488   0x00000044   Code   RO         6102    i.USBD_HID_CoreGetProtocol  USB_CM3_L.lib(usbd_hid.o)
    0x080044cc   0x00000058   Code   RO         6103    i.USBD_HID_CoreGetReport  USB_CM3_L.lib(usbd_hid.o)
    0x08004524   0x00000080   Code   RO         6104    i.USBD_HID_CoreSetIdle  USB_CM3_L.lib(usbd_hid.o)
    0x080045a4   0x00000040   Code   RO         6105    i.USBD_HID_CoreSetProtocol  USB_CM3_L.lib(usbd_hid.o)
    0x080045e4   0x00000060   Code   RO         6106    i.USBD_HID_CoreSetReport  USB_CM3_L.lib(usbd_hid.o)
    0x08004644   0x00000030   Code   RO         6107    i.USBD_HID_EventEndpointStart  USB_CM3_L.lib(usbd_hid.o)
    0x08004674   0x00000180   Code   RO         6108    i.USBD_HID_EventEpIntIn  USB_CM3_L.lib(usbd_hid.o)
    0x080047f4   0x00000090   Code   RO         6109    i.USBD_HID_EventEpIntOut  USB_CM3_L.lib(usbd_hid.o)
    0x08004884   0x0000004c   Code   RO         6110    i.USBD_HID_EventReset  USB_CM3_L.lib(usbd_hid.o)
    0x080048d0   0x00000044   Code   RO         6111    i.USBD_HID_EventSetConfiguration  USB_CM3_L.lib(usbd_hid.o)
    0x08004914   0x0000009c   Code   RO         6112    i.USBD_HID_GetReportTrigger  USB_CM3_L.lib(usbd_hid.o)
    0x080049b0   0x0000002a   Code   RO         6113    i.USBD_HID_Thread   USB_CM3_L.lib(usbd_hid.o)
    0x080049da   0x00000002   PAD
    0x080049dc   0x00000134   Code   RO         6114    i.USBD_HID_Timer    USB_CM3_L.lib(usbd_hid.o)
    0x08004b10   0x00000040   Code   RO         1274    i.USBD_Initialize   usbd_fs_stm32f4xx.o
    0x08004b50   0x000000f4   Code   RO         6012    i.USBD_Initialize   USB_CM3_L.lib(usbd_core.o)
    0x08004c44   0x00000254   Code   RO         1275    i.USBD_PowerControl  usbd_fs_stm32f4xx.o
    0x08004e98   0x000000e0   Code   RO         1276    i.USBD_ReadFromFifo  usbd_fs_stm32f4xx.o
    0x08004f78   0x00000048   Code   RO         1277    i.USBD_ReadSetupPacket  usbd_fs_stm32f4xx.o
    0x08004fc0   0x00000024   Code   RO         6013    i.USBD_ReqGetConfiguration  USB_CM3_L.lib(usbd_core.o)
    0x08004fe4   0x00000134   Code   RO         6014    i.USBD_ReqGetDescriptor  USB_CM3_L.lib(usbd_core.o)
    0x08005118   0x00000038   Code   RO         6015    i.USBD_ReqGetInterface  USB_CM3_L.lib(usbd_core.o)
    0x08005150   0x0000007c   Code   RO         6016    i.USBD_ReqGetStatus  USB_CM3_L.lib(usbd_core.o)
    0x080051cc   0x00000028   Code   RO         6017    i.USBD_ReqSetAddress  USB_CM3_L.lib(usbd_core.o)
    0x080051f4   0x000000fc   Code   RO         6018    i.USBD_ReqSetClrFeature  USB_CM3_L.lib(usbd_core.o)
    0x080052f0   0x0000023c   Code   RO         6019    i.USBD_ReqSetConfiguration  USB_CM3_L.lib(usbd_core.o)
    0x0800552c   0x0000018c   Code   RO         6020    i.USBD_ReqSetInterface  USB_CM3_L.lib(usbd_core.o)
    0x080056b8   0x000000f8   Code   RO         1278    i.USBD_Reset        usbd_fs_stm32f4xx.o
    0x080057b0   0x00000028   Code   RO         6021    i.USBD_ResetCore    USB_CM3_L.lib(usbd_core.o)
    0x080057d8   0x00000018   Code   RO         6022    i.USBD_SetupStage   USB_CM3_L.lib(usbd_core.o)
    0x080057f0   0x00000010   Code   RO         6023    i.USBD_SignalDeviceEvent  USB_CM3_L.lib(usbd_core.o)
    0x08005800   0x00000044   Code   RO         6024    i.USBD_SignalEndpointEvent  USB_CM3_L.lib(usbd_core.o)
    0x08005844   0x0000000c   Code   RO         6025    i.USBD_StatusInStage  USB_CM3_L.lib(usbd_core.o)
    0x08005850   0x00000012   Code   RO         6026    i.USBD_StatusInStageDone  USB_CM3_L.lib(usbd_core.o)
    0x08005862   0x0000000c   Code   RO         6027    i.USBD_StatusOutStage  USB_CM3_L.lib(usbd_core.o)
    0x0800586e   0x00000002   PAD
    0x08005870   0x00000034   Code   RO         6028    i.USBD_StatusOutStageDone  USB_CM3_L.lib(usbd_core.o)
    0x080058a4   0x00000018   Code   RO         6029    i.USBD_SwitchToHighSpeedCore  USB_CM3_L.lib(usbd_core.o)
    0x080058bc   0x0000001c   Code   RO         1279    i.USBD_Uninitialize  usbd_fs_stm32f4xx.o
    0x080058d8   0x00000100   Code   RO         1280    i.USBD_WriteToFifo  usbd_fs_stm32f4xx.o
    0x080059d8   0x00000004   Code   RO          241    i.UsageFault_Handler  stm32f4xx_it.o
    0x080059dc   0x00000020   Code   RO         7044    i.__0printf         mc_w.l(printfa.o)
    0x080059fc   0x00000030   Code   RO         7130    i.__ARM_fpclassify  m_wm.l(fpclassify.o)
    0x08005a2c   0x00000010   Code   RO         1920    i.__NVIC_GetPriorityGrouping  stm32f4xx_hal_cortex.o
    0x08005a3c   0x00000028   Code   RO         1921    i.__NVIC_SetPriority  stm32f4xx_hal_cortex.o
    0x08005a64   0x00000004   PAD
    0x08005a68   0x000002d8   Code   RO         6768    i.__hardfp_atan     m_wm.l(atan.o)
    0x08005d40   0x0000007a   Code   RO         6782    i.__hardfp_sqrt     m_wm.l(sqrt_full.o)
    0x08005dba   0x000000f8   Code   RO         7132    i.__kernel_poly     m_wm.l(poly.o)
    0x08005eb2   0x00000014   Code   RO         7111    i.__mathlib_dbl_infnan  m_wm.l(dunder.o)
    0x08005ec6   0x00000002   PAD
    0x08005ec8   0x00000020   Code   RO         7116    i.__mathlib_dbl_underflow  m_wm.l(dunder.o)
    0x08005ee8   0x0000000e   Code   RO         7181    i.__scatterload_copy  mc_w.l(handlers.o)
    0x08005ef6   0x00000002   Code   RO         7182    i.__scatterload_null  mc_w.l(handlers.o)
    0x08005ef8   0x0000000e   Code   RO         7183    i.__scatterload_zeroinit  mc_w.l(handlers.o)
    0x08005f06   0x00000002   PAD
    0x08005f08   0x0000000c   Code   RO         7158    i.__set_errno       mc_w.l(errno.o)
    0x08005f14   0x00000164   Code   RO         7051    i._fp_digits        mc_w.l(printfa.o)
    0x08006078   0x00000046   Code   RO         6595    i._init_box         RTX_CM4.lib(rt_membox.o)
    0x080060be   0x00000002   PAD
    0x080060c0   0x000006dc   Code   RO         7052    i._printf_core      mc_w.l(printfa.o)
    0x0800679c   0x00000024   Code   RO         7053    i._printf_post_padding  mc_w.l(printfa.o)
    0x080067c0   0x0000002e   Code   RO         7054    i._printf_pre_padding  mc_w.l(printfa.o)
    0x080067ee   0x00000002   PAD
    0x080067f0   0x0000022c   Code   RO          535    i.acc_correction    acc.o
    0x08006a1c   0x0000009c   Code   RO          536    i.acc_init          acc.o
    0x08006ab8   0x00000054   Code   RO          537    i.acc_thread        acc.o
    0x08006b0c   0x000001fc   Code   RO          913    i.cc2500_Chipset_Init  cc2500.o
    0x08006d08   0x00000090   Code   RO          915    i.cc2500_Init       cc2500.o
    0x08006d98   0x0000004c   Code   RO          916    i.cc2500_Read       cc2500.o
    0x08006de4   0x00000064   Code   RO          917    i.cc2500_ReadPacket  cc2500.o
    0x08006e48   0x000000ac   Code   RO          918    i.cc2500_SPI_Init   cc2500.o
    0x08006ef4   0x0000000a   Code   RO          919    i.cc2500_SPI_ReceiveData  cc2500.o
    0x08006efe   0x00000006   Code   RO          920    i.cc2500_SPI_SendData  cc2500.o
    0x08006f04   0x00000070   Code   RO          921    i.cc2500_SendByte   cc2500.o
    0x08006f74   0x0000007a   Code   RO          922    i.cc2500_SendPacket  cc2500.o
    0x08006fee   0x00000002   PAD
    0x08006ff0   0x00000044   Code   RO          923    i.cc2500_Write      cc2500.o
    0x08007034   0x00000064   Code   RO          353    i.check_data        mouse_thread.o
    0x08007098   0x00000030   Code   RO         6648    i.dbg_init          RTX_CM4.lib(hal_cm.o)
    0x080070c8   0x00000020   Code   RO         6649    i.dbg_task_notify   RTX_CM4.lib(hal_cm.o)
    0x080070e8   0x00000010   Code   RO         6650    i.dbg_task_switch   RTX_CM4.lib(hal_cm.o)
    0x080070f8   0x00000068   Code   RO          609    i.digit_sel         display.o
    0x08007160   0x00000058   Code   RO          610    i.display_init      display.o
    0x080071b8   0x00000080   Code   RO          611    i.display_str       display.o
    0x08007238   0x00000058   Code   RO          612    i.display_thread    display.o
    0x08007290   0x00000018   Code   RO         7126    i.fabs              m_wm.l(fabs.o)
    0x080072a8   0x00000020   Code   RO         1419    i.fputc             retarget_io.o
    0x080072c8   0x00000038   Code   RO          354    i.get_click         mouse_thread.o
    0x08007300   0x00000054   Code   RO          538    i.get_pitch         acc.o
    0x08007354   0x00000054   Code   RO          539    i.get_roll          acc.o
    0x080073a8   0x0000002a   Code   RO         5348    i.isrMessageGet     RTX_CM4.lib(rt_cmsis.o)
    0x080073d2   0x0000002c   Code   RO         5349    i.isrMessagePut     RTX_CM4.lib(rt_cmsis.o)
    0x080073fe   0x00000028   Code   RO         5350    i.isrSemaphoreRelease  RTX_CM4.lib(rt_cmsis.o)
    0x08007426   0x00000024   Code   RO         5351    i.isrSignalSet      RTX_CM4.lib(rt_cmsis.o)
    0x0800744a   0x00000002   PAD
    0x0800744c   0x00000028   Code   RO         6319    i.isr_evt_set       RTX_CM4.lib(rt_event.o)
    0x08007474   0x00000056   Code   RO         6441    i.isr_mbx_receive   RTX_CM4.lib(rt_mailbox.o)
    0x080074ca   0x0000000e   Code   RO         6442    i.isr_mbx_send      RTX_CM4.lib(rt_mailbox.o)
    0x080074d8   0x00000010   Code   RO         6489    i.isr_sem_send      RTX_CM4.lib(rt_semaphore.o)
    0x080074e8   0x0000004c   Code   RO            4    i.main              main.o
    0x08007534   0x00000058   Code   RO          355    i.mouse_init        mouse_thread.o
    0x0800758c   0x000000c0   Code   RO          356    i.mouse_thread      mouse_thread.o
    0x0800764c   0x00000018   Code   RO         5352    i.osDelay           RTX_CM4.lib(rt_cmsis.o)
    0x08007664   0x00000024   Code   RO         5353    i.osKernelInitialize  RTX_CM4.lib(rt_cmsis.o)
    0x08007688   0x0000006c   Code   RO         5355    i.osKernelStart     RTX_CM4.lib(rt_cmsis.o)
    0x080076f4   0x00000018   Code   RO         5364    i.osMessageGet      RTX_CM4.lib(rt_cmsis.o)
    0x0800770c   0x00000030   Code   RO         5366    i.osMutexCreate     RTX_CM4.lib(rt_cmsis.o)
    0x0800773c   0x00000018   Code   RO         5368    i.osMutexRelease    RTX_CM4.lib(rt_cmsis.o)
    0x08007754   0x00000018   Code   RO         5369    i.osMutexWait       RTX_CM4.lib(rt_cmsis.o)
    0x0800776c   0x00000030   Code   RO         5374    i.osSemaphoreCreate  RTX_CM4.lib(rt_cmsis.o)
    0x0800779c   0x00000018   Code   RO         5376    i.osSemaphoreRelease  RTX_CM4.lib(rt_cmsis.o)
    0x080077b4   0x00000018   Code   RO         5377    i.osSemaphoreWait   RTX_CM4.lib(rt_cmsis.o)
    0x080077cc   0x00000018   Code   RO         5379    i.osSignalSet       RTX_CM4.lib(rt_cmsis.o)
    0x080077e4   0x00000018   Code   RO         5380    i.osSignalWait      RTX_CM4.lib(rt_cmsis.o)
    0x080077fc   0x00000030   Code   RO         5381    i.osThreadCreate    RTX_CM4.lib(rt_cmsis.o)
    0x0800782c   0x00000018   Code   RO         5382    i.osThreadExit      RTX_CM4.lib(rt_cmsis.o)
    0x08007844   0x0000000c   Code   RO         5388    i.osTimerCall       RTX_CM4.lib(rt_cmsis.o)
    0x08007850   0x00000034   Code   RO         5389    i.osTimerCreate     RTX_CM4.lib(rt_cmsis.o)
    0x08007884   0x00000018   Code   RO         5391    i.osTimerStart      RTX_CM4.lib(rt_cmsis.o)
    0x0800789c   0x00000018   Code   RO         5392    i.osTimerStop       RTX_CM4.lib(rt_cmsis.o)
    0x080078b4   0x0000002c   Code   RO         5393    i.osTimerThread     RTX_CM4.lib(rt_cmsis.o)
    0x080078e0   0x00000022   Code   RO         1146    i.os_error          rtx_conf_cm.o
    0x08007902   0x00000004   Code   RO         1147    i.os_idle_demon     rtx_conf_cm.o
    0x08007906   0x00000002   PAD
    0x08007908   0x00000028   Code   RO         6229    i.os_tick_init      RTX_CM4.lib(rt_system.o)
    0x08007930   0x00000002   Code   RO         6230    i.os_tick_irqack    RTX_CM4.lib(rt_system.o)
    0x08007932   0x00000002   PAD
    0x08007934   0x000000b0   Code   RO          540    i.pitch_conversion  acc.o
    0x080079e4   0x0000002c   Code   RO          357    i.receive_data      mouse_thread.o
    0x08007a10   0x000000b0   Code   RO          541    i.roll_conversion   acc.o
    0x08007ac0   0x0000001a   Code   RO         6596    i.rt_alloc_box      RTX_CM4.lib(rt_membox.o)
    0x08007ada   0x0000003e   Code   RO         6624    i.rt_alloc_mem      RTX_CM4.lib(rt_memory.o)
    0x08007b18   0x00000038   Code   RO         6144    i.rt_block          RTX_CM4.lib(rt_task.o)
    0x08007b50   0x00000048   Code   RO         6734    i.rt_chk_robin      RTX_CM4.lib(rt_robin.o)
    0x08007b98   0x00000070   Code   RO         6365    i.rt_dec_dly        RTX_CM4.lib(rt_list.o)
    0x08007c08   0x00000044   Code   RO         6145    i.rt_dispatch       RTX_CM4.lib(rt_task.o)
    0x08007c4c   0x00000006   Code   RO         6531    i.rt_dly_wait       RTX_CM4.lib(rt_time.o)
    0x08007c52   0x00000002   PAD
    0x08007c54   0x00000050   Code   RO         6322    i.rt_evt_psh        RTX_CM4.lib(rt_event.o)
    0x08007ca4   0x0000005c   Code   RO         6323    i.rt_evt_set        RTX_CM4.lib(rt_event.o)
    0x08007d00   0x0000003c   Code   RO         6324    i.rt_evt_wait       RTX_CM4.lib(rt_event.o)
    0x08007d3c   0x0000002c   Code   RO         6597    i.rt_free_box       RTX_CM4.lib(rt_membox.o)
    0x08007d68   0x00000028   Code   RO         6625    i.rt_free_mem       RTX_CM4.lib(rt_memory.o)
    0x08007d90   0x00000028   Code   RO         6366    i.rt_get_first      RTX_CM4.lib(rt_list.o)
    0x08007db8   0x00000008   Code   RO         5398    i.rt_id2obj         RTX_CM4.lib(rt_cmsis.o)
    0x08007dc0   0x00000048   Code   RO         6146    i.rt_init_context   RTX_CM4.lib(rt_task.o)
    0x08007e08   0x0000001a   Code   RO         6626    i.rt_init_mem       RTX_CM4.lib(rt_memory.o)
    0x08007e22   0x00000002   PAD
    0x08007e24   0x00000018   Code   RO         6735    i.rt_init_robin     RTX_CM4.lib(rt_robin.o)
    0x08007e3c   0x00000080   Code   RO         6651    i.rt_init_stack     RTX_CM4.lib(hal_cm.o)
    0x08007ebc   0x00000008   Code   RO         6443    i.rt_mbx_check      RTX_CM4.lib(rt_mailbox.o)
    0x08007ec4   0x0000001a   Code   RO         6444    i.rt_mbx_init       RTX_CM4.lib(rt_mailbox.o)
    0x08007ede   0x00000002   PAD
    0x08007ee0   0x000000f0   Code   RO         6445    i.rt_mbx_psh        RTX_CM4.lib(rt_mailbox.o)
    0x08007fd0   0x000000b4   Code   RO         6447    i.rt_mbx_wait       RTX_CM4.lib(rt_mailbox.o)
    0x08008084   0x00000044   Code   RO         5399    i.rt_ms2tick        RTX_CM4.lib(rt_cmsis.o)
    0x080080c8   0x00000010   Code   RO         6565    i.rt_mut_init       RTX_CM4.lib(rt_mutex.o)
    0x080080d8   0x000000d8   Code   RO         6566    i.rt_mut_release    RTX_CM4.lib(rt_mutex.o)
    0x080081b0   0x00000068   Code   RO         6567    i.rt_mut_wait       RTX_CM4.lib(rt_mutex.o)
    0x08008218   0x0000007c   Code   RO         6233    i.rt_pop_req        RTX_CM4.lib(rt_system.o)
    0x08008294   0x00000020   Code   RO         6234    i.rt_psh_req        RTX_CM4.lib(rt_system.o)
    0x080082b4   0x0000005c   Code   RO         6368    i.rt_psq_enq        RTX_CM4.lib(rt_list.o)
    0x08008310   0x00000048   Code   RO         6369    i.rt_put_dly        RTX_CM4.lib(rt_list.o)
    0x08008358   0x00000036   Code   RO         6370    i.rt_put_prio       RTX_CM4.lib(rt_list.o)
    0x0800838e   0x00000002   PAD
    0x08008390   0x00000014   Code   RO         6371    i.rt_put_rdy_first  RTX_CM4.lib(rt_list.o)
    0x080083a4   0x00000034   Code   RO         6372    i.rt_resort_prio    RTX_CM4.lib(rt_list.o)
    0x080083d8   0x00000010   Code   RO         6652    i.rt_ret_regs       RTX_CM4.lib(hal_cm.o)
    0x080083e8   0x0000000c   Code   RO         6653    i.rt_ret_val        RTX_CM4.lib(hal_cm.o)
    0x080083f4   0x00000010   Code   RO         6654    i.rt_ret_val2       RTX_CM4.lib(hal_cm.o)
    0x08008404   0x00000028   Code   RO         6373    i.rt_rmv_dly        RTX_CM4.lib(rt_list.o)
    0x0800842c   0x00000030   Code   RO         6374    i.rt_rmv_list       RTX_CM4.lib(rt_list.o)
    0x0800845c   0x0000000c   Code   RO         6491    i.rt_sem_init       RTX_CM4.lib(rt_semaphore.o)
    0x08008468   0x00000034   Code   RO         6492    i.rt_sem_psh        RTX_CM4.lib(rt_semaphore.o)
    0x0800849c   0x0000002a   Code   RO         6493    i.rt_sem_send       RTX_CM4.lib(rt_semaphore.o)
    0x080084c6   0x00000002   PAD
    0x080084c8   0x00000040   Code   RO         6494    i.rt_sem_wait       RTX_CM4.lib(rt_semaphore.o)
    0x08008508   0x00000024   Code   RO         6236    i.rt_stk_check      RTX_CM4.lib(rt_system.o)
    0x0800852c   0x00000028   Code   RO         6147    i.rt_switch_req     RTX_CM4.lib(rt_task.o)
    0x08008554   0x000000cc   Code   RO         6148    i.rt_sys_init       RTX_CM4.lib(rt_task.o)
    0x08008620   0x00000078   Code   RO         6149    i.rt_sys_start      RTX_CM4.lib(rt_task.o)
    0x08008698   0x00000040   Code   RO         6238    i.rt_systick        RTX_CM4.lib(rt_system.o)
    0x080086d8   0x00000012   Code   RO         5400    i.rt_tid2ptcb       RTX_CM4.lib(rt_cmsis.o)
    0x080086ea   0x00000002   PAD
    0x080086ec   0x00000034   Code   RO         5401    i.rt_timer_insert   RTX_CM4.lib(rt_cmsis.o)
    0x08008720   0x0000003c   Code   RO         5402    i.rt_timer_remove   RTX_CM4.lib(rt_cmsis.o)
    0x0800875c   0x00000088   Code   RO         6150    i.rt_tsk_create     RTX_CM4.lib(rt_task.o)
    0x080087e4   0x0000017c   Code   RO         6151    i.rt_tsk_delete     RTX_CM4.lib(rt_task.o)
    0x08008960   0x0000007c   Code   RO         6153    i.rt_tsk_prio       RTX_CM4.lib(rt_task.o)
    0x080089dc   0x00000010   Code   RO         6154    i.rt_tsk_self       RTX_CM4.lib(rt_task.o)
    0x080089ec   0x00000030   Code   RO          358    i.send_click        mouse_thread.o
    0x08008a1c   0x00000008   Code   RO          359    i.send_data         mouse_thread.o
    0x08008a24   0x0000003c   Code   RO          362    i.set_click         mouse_thread.o
    0x08008a60   0x00000014   Code   RO          615    i.set_dec           display.o
    0x08008a74   0x0000003c   Code   RO          616    i.set_display       display.o
    0x08008ab0   0x000000a0   Code   RO          363    i.set_pitch         mouse_thread.o
    0x08008b50   0x000000a0   Code   RO          364    i.set_roll          mouse_thread.o
    0x08008bf0   0x0000001c   Code   RO          542    i.start_acc_thread  acc.o
    0x08008c0c   0x0000001c   Code   RO          617    i.start_display_thread  display.o
    0x08008c28   0x0000001c   Code   RO          365    i.start_mouse_thread  mouse_thread.o
    0x08008c44   0x0000000c   Code   RO         1420    i.stdout_putchar    retarget_io.o
    0x08008c50   0x00000012   Code   RO         5403    i.svcDelay          RTX_CM4.lib(rt_cmsis.o)
    0x08008c62   0x00000002   PAD
    0x08008c64   0x00000070   Code   RO         5404    i.svcKernelInitialize  RTX_CM4.lib(rt_cmsis.o)
    0x08008cd4   0x00000048   Code   RO         5406    i.svcKernelStart    RTX_CM4.lib(rt_cmsis.o)
    0x08008d1c   0x00000024   Code   RO         5409    i.svcMessageCreate  RTX_CM4.lib(rt_cmsis.o)
    0x08008d40   0x0000003a   Code   RO         5410    i.svcMessageGet     RTX_CM4.lib(rt_cmsis.o)
    0x08008d7a   0x0000001c   Code   RO         5412    i.svcMutexCreate    RTX_CM4.lib(rt_cmsis.o)
    0x08008d96   0x00000022   Code   RO         5414    i.svcMutexRelease   RTX_CM4.lib(rt_cmsis.o)
    0x08008db8   0x00000036   Code   RO         5415    i.svcMutexWait      RTX_CM4.lib(rt_cmsis.o)
    0x08008dee   0x00000024   Code   RO         5417    i.svcSemaphoreCreate  RTX_CM4.lib(rt_cmsis.o)
    0x08008e12   0x00000028   Code   RO         5419    i.svcSemaphoreRelease  RTX_CM4.lib(rt_cmsis.o)
    0x08008e3a   0x00000032   Code   RO         5420    i.svcSemaphoreWait  RTX_CM4.lib(rt_cmsis.o)
    0x08008e6c   0x00000024   Code   RO         5422    i.svcSignalSet      RTX_CM4.lib(rt_cmsis.o)
    0x08008e90   0x00000054   Code   RO         5423    i.svcSignalWait     RTX_CM4.lib(rt_cmsis.o)
    0x08008ee4   0x00000070   Code   RO         5424    i.svcThreadCreate   RTX_CM4.lib(rt_cmsis.o)
    0x08008f54   0x0000001c   Code   RO         5425    i.svcThreadGetId    RTX_CM4.lib(rt_cmsis.o)
    0x08008f70   0x00000038   Code   RO         5428    i.svcThreadTerminate  RTX_CM4.lib(rt_cmsis.o)
    0x08008fa8   0x00000018   Code   RO         5430    i.svcTimerCall      RTX_CM4.lib(rt_cmsis.o)
    0x08008fc0   0x00000038   Code   RO         5431    i.svcTimerCreate    RTX_CM4.lib(rt_cmsis.o)
    0x08008ff8   0x00000064   Code   RO         5433    i.svcTimerStart     RTX_CM4.lib(rt_cmsis.o)
    0x0800905c   0x00000024   Code   RO         5434    i.svcTimerStop      RTX_CM4.lib(rt_cmsis.o)
    0x08009080   0x0000005c   Code   RO         5439    i.sysTimerTick      RTX_CM4.lib(rt_cmsis.o)
    0x080090dc   0x0000007c   Code   RO          465    i.tim2_init         interrupts.o
    0x08009158   0x00000078   Code   RO          466    i.tim3_init         interrupts.o
    0x080091d0   0x0000007c   Code   RO          467    i.tim4_init         interrupts.o
    0x0800924c   0x00000024   Code   RO          468    i.timers_init       interrupts.o
    0x08009270   0x0000043c   Code   RO          618    i.write_letter      display.o
    0x080096ac   0x00000010   Data   RO          366    .constdata          mouse_thread.o
    0x080096bc   0x00000014   Data   RO          544    .constdata          acc.o
    0x080096d0   0x00000014   Data   RO          620    .constdata          display.o
    0x080096e4   0x00000034   Data   RO         1107    .constdata          usbd_user_hid_mouse_0.o
    0x08009718   0x00000068   Data   RO         1149    .constdata          rtx_conf_cm.o
    0x08009780   0x00000050   Data   RO         1282    .constdata          usbd_fs_stm32f4xx.o
    0x080097d0   0x00000010   Data   RO         2433    .constdata          stm32f4xx_hal_rcc.o
    0x080097e0   0x0000028e   Data   RO         4918    .constdata          usbd_config_0.o
    0x08009a6e   0x00000020   Data   RO         6115    .constdata          USB_CM3_L.lib(usbd_hid.o)
    0x08009a8e   0x00000002   PAD
    0x08009a90   0x00000098   Data   RO         6771    .constdata          m_wm.l(atan.o)
    0x08009b28   0x00000020   Data   RO         7180    Region$$Table       anon$$obj.o


    Execution Region ER_RW (Base: 0x20000000, Size: 0x000002a0, Max: 0xffffffff, ABSOLUTE, COMPRESSED[0x0000005c])

    Base Addr    Size         Type   Attr      Idx    E Section Name        Object

    0x20000000   0x00000014   Data   RW          367    .data               mouse_thread.o
    0x20000014   0x00000014   Data   RW          470    .data               interrupts.o
    0x20000028   0x00000014   Data   RW          545    .data               acc.o
    0x2000003c   0x00000020   Data   RW          621    .data               display.o
    0x2000005c   0x00000038   Data   RW          750    .data               temperature.o
    0x20000094   0x00000013   Data   RW          834    .data               keypad.o
    0x200000a7   0x00000001   PAD
    0x200000a8   0x00000004   Data   RW          925    .data               cc2500.o
    0x200000ac   0x00000004   Data   RW         1015    .data               lis3dsh.o
    0x200000b0   0x00000010   Data   RW         1150    .data               rtx_conf_cm.o
    0x200000c0   0x00000001   Data   RW         1189    .data               otg_fs_stm32f4xx.o
    0x200000c1   0x00000003   PAD
    0x200000c4   0x00000020   Data   RW         1283    .data               usbd_fs_stm32f4xx.o
    0x200000e4   0x00000004   Data   RW         1503    .data               stm32f4xx_hal.o
    0x200000e8   0x00000004   Data   RW         4844    .data               system_stm32f4xx.o
    0x200000ec   0x00000184   Data   RW         4919    .data               usbd_config_0.o
    0x20000270   0x00000008   Data   RW         5442    .data               RTX_CM4.lib(rt_cmsis.o)
    0x20000278   0x00000008   Data   RW         6156    .data               RTX_CM4.lib(rt_task.o)
    0x20000280   0x00000008   Data   RW         6241    .data               RTX_CM4.lib(rt_system.o)
    0x20000288   0x00000004   Data   RW         6535    .data               RTX_CM4.lib(rt_time.o)
    0x2000028c   0x00000001   Data   RW         6655    .data               RTX_CM4.lib(hal_cm.o)
    0x2000028d   0x00000003   PAD
    0x20000290   0x00000008   Data   RW         6736    .data               RTX_CM4.lib(rt_robin.o)
    0x20000298   0x00000004   Data   RW         6801    .data               mc_w.l(stdout.o)
    0x2000029c   0x00000004   Data   RW         7159    .data               mc_w.l(errno.o)


    Execution Region ER_ZI (Base: 0x200002a0, Size: 0x000021e0, Max: 0xffffffff, ABSOLUTE)

    Base Addr    Size         Type   Attr      Idx    E Section Name        Object

    0x200002a0   0x000000b4   Zero   RW          469    .bss                interrupts.o
    0x20000354   0x00000018   Zero   RW          543    .bss                acc.o
    0x2000036c   0x0000006c   Zero   RW          924    .bss                cc2500.o
    0x200003d8   0x00000058   Zero   RW         1014    .bss                lis3dsh.o
    0x20000430   0x00001a30   Zero   RW         1148    .bss                rtx_conf_cm.o
    0x20001e60   0x000000a0   Zero   RW         1281    .bss                usbd_fs_stm32f4xx.o
    0x20001f00   0x0000011c   Zero   RW         4917    .bss                usbd_config_0.o
    0x2000201c   0x00000034   Zero   RW         6155    .bss                RTX_CM4.lib(rt_task.o)
    0x20002050   0x00000030   Zero   RW         6375    .bss                RTX_CM4.lib(rt_list.o)
    0x20002080   0x00000400   Zero   RW         4831    STACK               startup_stm32f407xx.o


==============================================================================

Image component sizes


      Code (inc. data)   RO Data    RW Data    ZI Data      Debug   Object Name

      1344        182         20         20         24       5864   acc.o
      1318         80          0          4        108       6903   cc2500.o
      1600        162         20         32          0       6125   display.o
       576         96          0         20        180       4327   interrupts.o
         0          0          0         19          0       1107   keypad.o
      1226        114          0          4         88       6936   lis3dsh.o
        76          0          0          0          0     367004   main.o
       944        130         16         20          0       6941   mouse_thread.o
       682         60          0          1          0       6594   otg_fs_stm32f4xx.o
        92         12          0          0          0       1759   retarget_io.o
        62          6        104         16       6704       7688   rtx_conf_cm.o
        36          8        392          0       1024        844   startup_stm32f407xx.o
       114         16          0          4          0       3839   stm32f4xx_hal.o
       304         22          0          0          0      32243   stm32f4xx_hal_cortex.o
       952         98          0          0          0       4824   stm32f4xx_hal_gpio.o
      1568         48         16          0          0       4123   stm32f4xx_hal_rcc.o
       216          0          0          0          0       2568   stm32f4xx_hal_spi.o
       726         44          0          0          0       6658   stm32f4xx_hal_tim.o
         4          0          0          0          0       1730   stm32f4xx_hal_tim_ex.o
        92         18          0          0          0       5911   stm32f4xx_it.o
       384        312          0          0          0        576   supporting_functions.o
       168         10          0          0          0       1113   sysclk_config.o
       100         18          0          4          0       1193   system_stm32f4xx.o
         0          0          0         56          0       2033   temperature.o
       336         28        654        388        284      46139   usbd_config_0.o
      5356        398         80         32        160      49850   usbd_fs_stm32f4xx.o
        80          0         52          0          0       3062   usbd_user_hid_mouse_0.o

    ----------------------------------------------------------------------
     18376       1866       1386        624       8572     587954   Object Totals
         0          0         32          0          0          0   (incl. Generated)
        20          4          0          4          0          0   (incl. Padding)

    ----------------------------------------------------------------------

      Code (inc. data)   RO Data    RW Data    ZI Data      Debug   Library Member Name

       268         24          0          1          0       4452   hal_cm.o
       408         34          0          0          0        816   hal_cm4.o
      2190        236          0          8          0      52410   rt_cmsis.o
       272         18          0          0          0       2810   rt_event.o
       530         34          0          0         48       8597   rt_list.o
       554         10          0          0          0       4189   rt_mailbox.o
       140          0          0          0          0       2045   rt_membox.o
       128          0          0          0          0       2419   rt_memory.o
       336         12          0          0          0       2201   rt_mutex.o
        96         22          0          8          0       1230   rt_robin.o
       186         10          0          0          0       3102   rt_semaphore.o
       298         52          0          8          0       6439   rt_system.o
      1216        174          0          8         52      10025   rt_task.o
         6          0          0          4          0        684   rt_time.o
         4          4          0          0          0        200   svc_table.o
      4922        308          0          0          0       3324   usbd_core.o
       260         52          0          0          0        324   usbd_core_custom_device.o
       648         60          0          0          0        264   usbd_core_hid.o
      1940        208         32          0          0       1436   usbd_hid.o
       728        106        152          0          0        228   atan.o
        52          8          0          0          0        248   dunder.o
        24          0          0          0          0        124   fabs.o
        48          0          0          0          0        124   fpclassify.o
       248          0          0          0          0        152   poly.o
       122          0          0          0          0        148   sqrt_full.o
        86          0          0          0          0          0   __dczerorl2.o
         0          0          0          0          0          0   entry.o
         0          0          0          0          0          0   entry10a.o
         0          0          0          0          0          0   entry11a.o
         8          4          0          0          0          0   entry2.o
         4          0          0          0          0          0   entry5.o
         0          0          0          0          0          0   entry7b.o
         0          0          0          0          0          0   entry8b.o
        12          6          0          4          0         68   errno.o
        30          0          0          0          0          0   handlers.o
        36          8          0          0          0         68   init.o
         0          0          0          0          0          0   iusefp.o
        30          0          0          0          0         68   llshl.o
        36          0          0          0          0         68   llsshr.o
        32          0          0          0          0         68   llushr.o
        36          0          0          0          0         68   memcpya.o
        36          0          0          0          0        108   memseta.o
      2226         90          0          0          0        444   printfa.o
         0          0          0          4          0          0   stdout.o
        44          0          0          0          0         80   uidiv.o
        98          0          0          0          0         92   uldiv.o
        48          0          0          0          0         68   cdrcmple.o
        56          0          0          0          0         88   d2f.o
       334          0          0          0          0        148   dadd.o
       222          0          0          0          0        100   ddiv.o
       186          0          0          0          0        176   depilogue.o
        48          0          0          0          0         68   dfixul.o
       228          0          0          0          0         96   dmul.o
       162          0          0          0          0        100   dsqrt.o
        38          0          0          0          0         68   f2d.o
       110          0          0          0          0        168   fepilogue.o

    ----------------------------------------------------------------------
     19804       1480        186         48        100     110203   Library Totals
        34          0          2          3          0          0   (incl. Padding)

    ----------------------------------------------------------------------

      Code (inc. data)   RO Data    RW Data    ZI Data      Debug   Library Name

      6632        630          0         37        100     101619   RTX_CM4.lib
      7770        628         32          0          0       5348   USB_CM3_L.lib
      1222        114        152          0          0       1024   m_wm.l
      2714        108          0          8          0       1132   mc_w.l
      1432          0          0          0          0       1080   mf_w.l

    ----------------------------------------------------------------------
     19804       1480        186         48        100     110203   Library Totals

    ----------------------------------------------------------------------

==============================================================================


      Code (inc. data)   RO Data    RW Data    ZI Data      Debug   

     38180       3346       1572        672       8672     665821   Grand Totals
     38180       3346       1572         92       8672     665821   ELF Image Totals (compressed)
     38180       3346       1572         92          0          0   ROM Totals

==============================================================================

    Total RO  Size (Code + RO Data)                39752 (  38.82kB)
    Total RW  Size (RW Data + ZI Data)              9344 (   9.13kB)
    Total ROM Size (Code + RO Data + RW Data)      39844 (  38.91kB)

==============================================================================

